{
  "00 Pre-circulate": {
    "aerator": {
      "active": false,
      "targetValue": 0
    },
    "boiler": {
      "active": false,
      "targetValue": 0
    },
    "boilerValve": {
      "active": false,
      "targetValue": 0
    },
    "boilerVolume": {
      "active": false,
      "targetValue": 0
    },
    "controllerInfo": {
      "active": false,
      "targetValue": 0
    },
    "cooler": {
      "active": false,
      "targetValue": 0
    },
    "delayTimer": {
      "active": true,
      "targetValue": 3.0
    },
    "envTemp": {
      "active": false,
      "targetValue": 0
    },
    "hotWaterPump": {
      "active": false,
      "targetValue": 0
    },
    "mashStirrer": {
      "active": false,
      "targetValue": 0
    },
    "plateValve": {
      "active": false,
      "targetValue": 0
    },
    "waterCirculationPump": {
      "active": true,
      "targetValue": 1
    },
    "waterHeater": {
      "active": false,
      "targetValue": 0
    },
    "wortPump": {
      "active": false,
      "targetValue": 0
    }
  },
  "01 Heating": {
    "aerator": {
      "active": false,
      "targetValue": 0
    },
    "boiler": {
      "active": false,
      "targetValue": 0
    },
    "boilerValve": {
      "active": false,
      "targetValue": 0
    },
    "boilerVolume": {
      "active": false,
      "targetValue": 0
    },
    "controllerInfo": {
      "active": false,
      "targetValue": 0
    },
    "cooler": {
      "active": false,
      "targetValue": 0
    },
    "delayTimer": {
      "active": false,
      "targetValue": 0
    },
    "envTemp": {
      "active": false,
      "targetValue": 0
    },
    "hotWaterPump": {
      "active": false,
      "targetValue": 0
    },
    "mashStirrer": {
      "active": false,
      "targetValue": 0
    },
    "plateValve": {
      "active": false,
      "targetValue": 0
    },
    "waterCirculationPump": {
      "active": true,
      "targetValue": 1
    },
    "waterHeater": {
      "active": true,
      "targetValue": 177.51754403716015
    },
    "wortPump": {
      "active": false,
      "targetValue": 0
    }
  },
  "02 Pump rest": {
    "aerator": {
      "active": false,
      "targetValue": 0
    },
    "boiler": {
      "active": false,
      "targetValue": 0
    },
    "boilerValve": {
      "active": false,
      "targetValue": 0
    },
    "boilerVolume": {
      "active": false,
      "targetValue": 0
    },
    "controllerInfo": {
      "active": false,
      "targetValue": 0
    },
    "cooler": {
      "active": false,
      "targetValue": 0
    },
    "delayTimer": {
      "active": true,
      "targetValue": 0.3
    },
    "envTemp": {
      "active": false,
      "targetValue": 0
    },
    "hotWaterPump": {
      "active": false,
      "targetValue": 0
    },
    "mashStirrer": {
      "active": false,
      "targetValue": 0
    },
    "plateValve": {
      "active": false,
      "targetValue": 0
    },
    "waterCirculationPump": {
      "active": false,
      "targetValue": 0
    },
    "waterHeater": {
      "active": true,
      "targetValue": 177.51754403716015
    },
    "wortPump": {
      "active": false,
      "targetValue": 0
    }
  },
  "03 StrikeWater": {
    "aerator": {
      "active": false,
      "targetValue": 0
    },
    "boiler": {
      "active": false,
      "targetValue": 0
    },
    "boilerValve": {
      "active": false,
      "targetValue": 0
    },
    "boilerVolume": {
      "active": false,
      "targetValue": 0
    },
    "controllerInfo": {
      "active": false,
      "targetValue": 0
    },
    "cooler": {
      "active": false,
      "targetValue": 0
    },
    "delayTimer": {
      "active": false,
      "targetValue": 0
    },
    "envTemp": {
      "active": false,
      "targetValue": 0
    },
    "hotWaterPump": {
      "active": true,
      "targetValue": 8.559375
    },
    "mashStirrer": {
      "active": false,
      "targetValue": 0
    },
    "plateValve": {
      "active": false,
      "targetValue": 0
    },
    "waterCirculationPump": {
      "active": false,
      "targetValue": 0
    },
    "waterHeater": {
      "active": true,
      "targetValue": 177.51754403716015
    },
    "wortPump": {
      "active": false,
      "targetValue": 0
    }
  },
  "04 Mashing": {
    "aerator": {
      "active": false,
      "targetValue": 0
    },
    "boiler": {
      "active": false,
      "targetValue": 0
    },
    "boilerValve": {
      "active": false,
      "targetValue": 0
    },
    "boilerVolume": {
      "active": false,
      "targetValue": 0
    },
    "controllerInfo": {
      "active": false,
      "targetValue": 0
    },
    "cooler": {
      "active": false,
      "targetValue": 0
    },
    "delayTimer": {
      "active": true,
      "targetValue": 75.0
    },
    "envTemp": {
      "active": false,
      "targetValue": 0
    },
    "hotWaterPump": {
      "active": false,
      "targetValue": 0
    },
    "mashStirrer": {
      "active": true,
      "targetValue": 1
    },
    "plateValve": {
      "active": false,
      "targetValue": 0
    },
    "waterCirculationPump": {
      "active": true,
      "targetValue": 1
    },
    "waterHeater": {
      "active": true,
      "targetValue": 168.0
    },
    "wortPump": {
      "active": false,
      "targetValue": 0
    }
  },
  "05 Wort out": {
    "aerator": {
      "active": false,
      "targetValue": 0
    },
    "boiler": {
      "active": true,
      "targetValue": 0
    },
    "boilerValve": {
      "active": false,
      "targetValue": 0
    },
    "boilerVolume": {
      "active": false,
      "targetValue": 0
    },
    "controllerInfo": {
      "active": false,
      "targetValue": 0
    },
    "cooler": {
      "active": false,
      "targetValue": 0
    },
    "delayTimer": {
      "active": false,
      "targetValue": 0
    },
    "envTemp": {
      "active": false,
      "targetValue": 0
    },
    "hotWaterPump": {
      "active": false,
      "targetValue": 0
    },
    "mashStirrer": {
      "active": false,
      "targetValue": 0
    },
    "plateValve": {
      "active": false,
      "targetValue": 0
    },
    "waterCirculationPump": {
      "active": false,
      "targetValue": 0
    },
    "waterHeater": {
      "active": false,
      "targetValue": 0
    },
    "wortPump": {
      "active": true,
      "targetValue": 4.163795807972515
    }
  },
  "06 Sparge hold": {
    "aerator": {
      "active": false,
      "targetValue": 0
    },
    "boiler": {
      "active": true,
      "targetValue": 1
    },
    "boilerValve": {
      "active": false,
      "targetValue": 0
    },
    "boilerVolume": {
      "active": false,
      "targetValue": 0
    },
    "controllerInfo": {
      "active": false,
      "targetValue": 0
    },
    "cooler": {
      "active": false,
      "targetValue": 0
    },
    "delayTimer": {
      "active": true,
      "targetValue": 1
    },
    "envTemp": {
      "active": false,
      "targetValue": 0
    },
    "hotWaterPump": {
      "active": false,
      "targetValue": 0
    },
    "mashStirrer": {
      "active": false,
      "targetValue": 0
    },
    "plateValve": {
      "active": false,
      "targetValue": 0
    },
    "waterCirculationPump": {
      "active": false,
      "targetValue": 0
    },
    "waterHeater": {
      "active": false,
      "targetValue": 0
    },
    "wortPump": {
      "active": false,
      "targetValue": 0
    }
  },
  "07 Sparge in": {
    "aerator": {
      "active": false,
      "targetValue": 0
    },
    "boiler": {
      "active": true,
      "targetValue": 1
    },
    "boilerValve": {
      "active": false,
      "targetValue": 0
    },
    "boilerVolume": {
      "active": false,
      "targetValue": 0
    },
    "controllerInfo": {
      "active": false,
      "targetValue": 0
    },
    "cooler": {
      "active": false,
      "targetValue": 0
    },
    "delayTimer": {
      "active": false,
      "targetValue": 0
    },
    "envTemp": {
      "active": false,
      "targetValue": 0
    },
    "hotWaterPump": {
      "active": true,
      "targetValue": 4.163795807972515
    },
    "mashStirrer": {
      "active": false,
      "targetValue": 0
    },
    "plateValve": {
      "active": false,
      "targetValue": 0
    },
    "waterCirculationPump": {
      "active": false,
      "targetValue": 0
    },
    "waterHeater": {
      "active": false,
      "targetValue": 0
    },
    "wortPump": {
      "active": false,
      "targetValue": 0
    }
  },
  "08 Wort out": {
    "aerator": {
      "active": false,
      "targetValue": 0
    },
    "boiler": {
      "active": true,
      "targetValue": 1
    },
    "boilerValve": {
      "active": false,
      "targetValue": 0
    },
    "boilerVolume": {
      "active": false,
      "targetValue": 0
    },
    "controllerInfo": {
      "active": false,
      "targetValue": 0
    },
    "cooler": {
      "active": false,
      "targetValue": 0
    },
    "delayTimer": {
      "active": false,
      "targetValue": 0
    },
    "envTemp": {
      "active": false,
      "targetValue": 0
    },
    "hotWaterPump": {
      "active": false,
      "targetValue": 0
    },
    "mashStirrer": {
      "active": false,
      "targetValue": 0
    },
    "plateValve": {
      "active": false,
      "targetValue": 0
    },
    "waterCirculationPump": {
      "active": false,
      "targetValue": 0
    },
    "waterHeater": {
      "active": false,
      "targetValue": 0
    },
    "wortPump": {
      "active": true,
      "targetValue": 4.163795807972515
    }
  },
  "09 Sparge hold": {
    "aerator": {
      "active": false,
      "targetValue": 0
    },
    "boiler": {
      "active": true,
      "targetValue": 1
    },
    "boilerValve": {
      "active": false,
      "targetValue": 0
    },
    "boilerVolume": {
      "active": false,
      "targetValue": 0
    },
    "controllerInfo": {
      "active": false,
      "targetValue": 0
    },
    "cooler": {
      "active": false,
      "targetValue": 0
    },
    "delayTimer": {
      "active": true,
      "targetValue": 1
    },
    "envTemp": {
      "active": false,
      "targetValue": 0
    },
    "hotWaterPump": {
      "active": false,
      "targetValue": 0
    },
    "mashStirrer": {
      "active": false,
      "targetValue": 0
    },
    "plateValve": {
      "active": false,
      "targetValue": 0
    },
    "waterCirculationPump": {
      "active": false,
      "targetValue": 0
    },
    "waterHeater": {
      "active": false,
      "targetValue": 0
    },
    "wortPump": {
      "active": false,
      "targetValue": 0
    }
  },
  "10 Sparge in": {
    "aerator": {
      "active": false,
      "targetValue": 0
    },
    "boiler": {
      "active": true,
      "targetValue": 1
    },
    "boilerValve": {
      "active": false,
      "targetValue": 0
    },
    "boilerVolume": {
      "active": false,
      "targetValue": 0
    },
    "controllerInfo": {
      "active": false,
      "targetValue": 0
    },
    "cooler": {
      "active": false,
      "targetValue": 0
    },
    "delayTimer": {
      "active": false,
      "targetValue": 0
    },
    "envTemp": {
      "active": false,
      "targetValue": 0
    },
    "hotWaterPump": {
      "active": true,
      "targetValue": 4.163795807972515
    },
    "mashStirrer": {
      "active": false,
      "targetValue": 0
    },
    "plateValve": {
      "active": false,
      "targetValue": 0
    },
    "waterCirculationPump": {
      "active": false,
      "targetValue": 0
    },
    "waterHeater": {
      "active": false,
      "targetValue": 0
    },
    "wortPump": {
      "active": false,
      "targetValue": 0
    }
  },
  "11 Wort out": {
    "aerator": {
      "active": false,
      "targetValue": 0
    },
    "boiler": {
      "active": true,
      "targetValue": 1
    },
    "boilerValve": {
      "active": false,
      "targetValue": 0
    },
    "boilerVolume": {
      "active": false,
      "targetValue": 0
    },
    "controllerInfo": {
      "active": false,
      "targetValue": 0
    },
    "cooler": {
      "active": false,
      "targetValue": 0
    },
    "delayTimer": {
      "active": false,
      "targetValue": 0
    },
    "envTemp": {
      "active": false,
      "targetValue": 0
    },
    "hotWaterPump": {
      "active": false,
      "targetValue": 0
    },
    "mashStirrer": {
      "active": false,
      "targetValue": 0
    },
    "plateValve": {
      "active": false,
      "targetValue": 0
    },
    "waterCirculationPump": {
      "active": false,
      "targetValue": 0
    },
    "waterHeater": {
      "active": false,
      "targetValue": 0
    },
    "wortPump": {
      "active": true,
      "targetValue": 4.163795807972515
    }
  },
  "12 Sparge hold": {
    "aerator": {
      "active": false,
      "targetValue": 0
    },
    "boiler": {
      "active": true,
      "targetValue": 1
    },
    "boilerValve": {
      "active": false,
      "targetValue": 0
    },
    "boilerVolume": {
      "active": false,
      "targetValue": 0
    },
    "controllerInfo": {
      "active": false,
      "targetValue": 0
    },
    "cooler": {
      "active": false,
      "targetValue": 0
    },
    "delayTimer": {
      "active": true,
      "targetValue": 1
    },
    "envTemp": {
      "active": false,
      "targetValue": 0
    },
    "hotWaterPump": {
      "active": false,
      "targetValue": 0
    },
    "mashStirrer": {
      "active": false,
      "targetValue": 0
    },
    "plateValve": {
      "active": false,
      "targetValue": 0
    },
    "waterCirculationPump": {
      "active": false,
      "targetValue": 0
    },
    "waterHeater": {
      "active": false,
      "targetValue": 0
    },
    "wortPump": {
      "active": false,
      "targetValue": 0
    }
  },
  "13 Sparge in": {
    "aerator": {
      "active": false,
      "targetValue": 0
    },
    "boiler": {
      "active": true,
      "targetValue": 1
    },
    "boilerValve": {
      "active": false,
      "targetValue": 0
    },
    "boilerVolume": {
      "active": false,
      "targetValue": 0
    },
    "controllerInfo": {
      "active": false,
      "targetValue": 0
    },
    "cooler": {
      "active": false,
      "targetValue": 0
    },
    "delayTimer": {
      "active": false,
      "targetValue": 0
    },
    "envTemp": {
      "active": false,
      "targetValue": 0
    },
    "hotWaterPump": {
      "active": true,
      "targetValue": 4.163795807972515
    },
    "mashStirrer": {
      "active": false,
      "targetValue": 0
    },
    "plateValve": {
      "active": false,
      "targetValue": 0
    },
    "waterCirculationPump": {
      "active": false,
      "targetValue": 0
    },
    "waterHeater": {
      "active": false,
      "targetValue": 0
    },
    "wortPump": {
      "active": false,
      "targetValue": 0
    }
  },
  "14 Wort out": {
    "aerator": {
      "active": false,
      "targetValue": 0
    },
    "boiler": {
      "active": true,
      "targetValue": 1
    },
    "boilerValve": {
      "active": false,
      "targetValue": 0
    },
    "boilerVolume": {
      "active": false,
      "targetValue": 0
    },
    "controllerInfo": {
      "active": false,
      "targetValue": 0
    },
    "cooler": {
      "active": false,
      "targetValue": 0
    },
    "delayTimer": {
      "active": false,
      "targetValue": 0
    },
    "envTemp": {
      "active": false,
      "targetValue": 0
    },
    "hotWaterPump": {
      "active": false,
      "targetValue": 0
    },
    "mashStirrer": {
      "active": false,
      "targetValue": 0
    },
    "plateValve": {
      "active": false,
      "targetValue": 0
    },
    "waterCirculationPump": {
      "active": false,
      "targetValue": 0
    },
    "waterHeater": {
      "active": false,
      "targetValue": 0
    },
    "wortPump": {
      "active": true,
      "targetValue": 4.163795807972515
    }
  },
  "15 Sparge hold": {
    "aerator": {
      "active": false,
      "targetValue": 0
    },
    "boiler": {
      "active": true,
      "targetValue": 1
    },
    "boilerValve": {
      "active": false,
      "targetValue": 0
    },
    "boilerVolume": {
      "active": false,
      "targetValue": 0
    },
    "controllerInfo": {
      "active": false,
      "targetValue": 0
    },
    "cooler": {
      "active": false,
      "targetValue": 0
    },
    "delayTimer": {
      "active": true,
      "targetValue": 1
    },
    "envTemp": {
      "active": false,
      "targetValue": 0
    },
    "hotWaterPump": {
      "active": false,
      "targetValue": 0
    },
    "mashStirrer": {
      "active": false,
      "targetValue": 0
    },
    "plateValve": {
      "active": false,
      "targetValue": 0
    },
    "waterCirculationPump": {
      "active": false,
      "targetValue": 0
    },
    "waterHeater": {
      "active": false,
      "targetValue": 0
    },
    "wortPump": {
      "active": false,
      "targetValue": 0
    }
  },
  "16 Sparge in": {
    "aerator": {
      "active": false,
      "targetValue": 0
    },
    "boiler": {
      "active": true,
      "targetValue": 1
    },
    "boilerValve": {
      "active": false,
      "targetValue": 0
    },
    "boilerVolume": {
      "active": false,
      "targetValue": 0
    },
    "controllerInfo": {
      "active": false,
      "targetValue": 0
    },
    "cooler": {
      "active": false,
      "targetValue": 0
    },
    "delayTimer": {
      "active": false,
      "targetValue": 0
    },
    "envTemp": {
      "active": false,
      "targetValue": 0
    },
    "hotWaterPump": {
      "active": true,
      "targetValue": 4.163795807972515
    },
    "mashStirrer": {
      "active": false,
      "targetValue": 0
    },
    "plateValve": {
      "active": false,
      "targetValue": 0
    },
    "waterCirculationPump": {
      "active": false,
      "targetValue": 0
    },
    "waterHeater": {
      "active": false,
      "targetValue": 0
    },
    "wortPump": {
      "active": false,
      "targetValue": 0
    }
  },
  "17 Wort Final hold": {
    "aerator": {
      "active": false,
      "targetValue": 0
    },
    "boiler": {
      "active": true,
      "targetValue": 1
    },
    "boilerValve": {
      "active": false,
      "targetValue": 0
    },
    "boilerVolume": {
      "active": false,
      "targetValue": 0
    },
    "controllerInfo": {
      "active": false,
      "targetValue": 0
    },
    "cooler": {
      "active": false,
      "targetValue": 0
    },
    "delayTimer": {
      "active": true,
      "targetValue": 1
    },
    "envTemp": {
      "active": false,
      "targetValue": 0
    },
    "hotWaterPump": {
      "active": false,
      "targetValue": 0
    },
    "mashStirrer": {
      "active": false,
      "targetValue": 0
    },
    "plateValve": {
      "active": false,
      "targetValue": 0
    },
    "waterCirculationPump": {
      "active": false,
      "targetValue": 0
    },
    "waterHeater": {
      "active": false,
      "targetValue": 0
    },
    "wortPump": {
      "active": false,
      "targetValue": 0
    }
  },
  "18 Wort out final": {
    "aerator": {
      "active": false,
      "targetValue": 0
    },
    "boiler": {
      "active": true,
      "targetValue": 1
    },
    "boilerValve": {
      "active": false,
      "targetValue": 0
    },
    "boilerVolume": {
      "active": false,
      "targetValue": 0
    },
    "controllerInfo": {
      "active": false,
      "targetValue": 0
    },
    "cooler": {
      "active": false,
      "targetValue": 0
    },
    "delayTimer": {
      "active": false,
      "targetValue": 0
    },
    "envTemp": {
      "active": false,
      "targetValue": 0
    },
    "hotWaterPump": {
      "active": false,
      "targetValue": 0
    },
    "mashStirrer": {
      "active": false,
      "targetValue": 0
    },
    "plateValve": {
      "active": false,
      "targetValue": 0
    },
    "waterCirculationPump": {
      "active": false,
      "targetValue": 0
    },
    "waterHeater": {
      "active": false,
      "targetValue": 0
    },
    "wortPump": {
      "active": true,
      "targetValue": 1.7682417168674707
    }
  },
  "19 Wort Final hold": {
    "aerator": {
      "active": false,
      "targetValue": 0
    },
    "boiler": {
      "active": true,
      "targetValue": 1
    },
    "boilerValve": {
      "active": false,
      "targetValue": 0
    },
    "boilerVolume": {
      "active": false,
      "targetValue": 0
    },
    "controllerInfo": {
      "active": false,
      "targetValue": 0
    },
    "cooler": {
      "active": false,
      "targetValue": 0
    },
    "delayTimer": {
      "active": true,
      "targetValue": 1
    },
    "envTemp": {
      "active": false,
      "targetValue": 0
    },
    "hotWaterPump": {
      "active": false,
      "targetValue": 0
    },
    "mashStirrer": {
      "active": false,
      "targetValue": 0
    },
    "plateValve": {
      "active": false,
      "targetValue": 0
    },
    "waterCirculationPump": {
      "active": false,
      "targetValue": 0
    },
    "waterHeater": {
      "active": false,
      "targetValue": 0
    },
    "wortPump": {
      "active": false,
      "targetValue": 0
    }
  },
  "20 Wort out final": {
    "aerator": {
      "active": false,
      "targetValue": 0
    },
    "boiler": {
      "active": true,
      "targetValue": 1
    },
    "boilerValve": {
      "active": false,
      "targetValue": 0
    },
    "boilerVolume": {
      "active": false,
      "targetValue": 0
    },
    "controllerInfo": {
      "active": false,
      "targetValue": 0
    },
    "cooler": {
      "active": false,
      "targetValue": 0
    },
    "delayTimer": {
      "active": false,
      "targetValue": 0
    },
    "envTemp": {
      "active": false,
      "targetValue": 0
    },
    "hotWaterPump": {
      "active": false,
      "targetValue": 0
    },
    "mashStirrer": {
      "active": false,
      "targetValue": 0
    },
    "plateValve": {
      "active": false,
      "targetValue": 0
    },
    "waterCirculationPump": {
      "active": false,
      "targetValue": 0
    },
    "waterHeater": {
      "active": false,
      "targetValue": 0
    },
    "wortPump": {
      "active": true,
      "targetValue": 1.7682417168674707
    }
  },
  "22 pre-boil": {
    "aerator": {
      "active": false,
      "targetValue": 0
    },
    "boiler": {
      "active": false,
      "targetValue": 0
    },
    "boilerValve": {
      "active": false,
      "targetValue": 0
    },
    "boilerVolume": {
      "active": false,
      "targetValue": 0
    },
    "controllerInfo": {
      "active": false,
      "targetValue": 0
    },
    "cooler": {
      "active": false,
      "targetValue": 0
    },
    "delayTimer": {
      "active": true,
      "targetValue": 15
    },
    "envTemp": {
      "active": false,
      "targetValue": 0
    },
    "hotWaterPump": {
      "active": false,
      "targetValue": 0
    },
    "mashStirrer": {
      "active": false,
      "targetValue": 0
    },
    "plateValve": {
      "active": false,
      "targetValue": 0
    },
    "waterCirculationPump": {
      "active": false,
      "targetValue": 0
    },
    "waterHeater": {
      "active": false,
      "targetValue": 0
    },
    "wortPump": {
      "active": false,
      "targetValue": 0
    }
  },
  "23 Boil": {
    "aerator": {
      "active": false,
      "targetValue": 0
    },
    "boiler": {
      "active": false,
      "targetValue": 0
    },
    "boilerValve": {
      "active": false,
      "targetValue": 0
    },
    "boilerVolume": {
      "active": false,
      "targetValue": 0
    },
    "controllerInfo": {
      "active": false,
      "targetValue": 0
    },
    "cooler": {
      "active": false,
      "targetValue": 0
    },
    "delayTimer": {
      "active": true,
      "targetValue": 60.0
    },
    "envTemp": {
      "active": false,
      "targetValue": 0
    },
    "hotWaterPump": {
      "active": false,
      "targetValue": 0
    },
    "mashStirrer": {
      "active": false,
      "targetValue": 0
    },
    "plateValve": {
      "active": false,
      "targetValue": 0
    },
    "waterCirculationPump": {
      "active": false,
      "targetValue": 0
    },
    "waterHeater": {
      "active": false,
      "targetValue": 0
    },
    "wortPump": {
      "active": false,
      "targetValue": 0
    }
  },
  "24 Empty out": {
    "aerator": {
      "active": true,
      "targetValue": 1
    },
    "boiler": {
      "active": false,
      "targetValue": 0
    },
    "boilerValve": {
      "active": true,
      "targetValue": 1
    },
    "boilerVolume": {
      "active": false,
      "targetValue": 0
    },
    "controllerInfo": {
      "active": false,
      "targetValue": 0
    },
    "cooler": {
      "active": false,
      "targetValue": 0
    },
    "delayTimer": {
      "active": true,
      "targetValue": 7
    },
    "envTemp": {
      "active": false,
      "targetValue": 0
    },
    "hotWaterPump": {
      "active": false,
      "targetValue": 0
    },
    "mashStirrer": {
      "active": false,
      "targetValue": 0
    },
    "plateValve": {
      "active": true,
      "targetValue": 1
    },
    "waterCirculationPump": {
      "active": false,
      "targetValue": 0
    },
    "waterHeater": {
      "active": false,
      "targetValue": 0
    },
    "wortPump": {
      "active": false,
      "targetValue": 0
    }
  },
  "25 Done": {
    "aerator": {
      "active": false,
      "targetValue": 0
    },
    "boiler": {
      "active": false,
      "targetValue": 0
    },
    "boilerValve": {
      "active": false,
      "targetValue": 0
    },
    "boilerVolume": {
      "active": false,
      "targetValue": 0
    },
    "controllerInfo": {
      "active": false,
      "targetValue": 0
    },
    "cooler": {
      "active": false,
      "targetValue": 0
    },
    "delayTimer": {
      "active": true,
      "targetValue": 600
    },
    "envTemp": {
      "active": false,
      "targetValue": 0
    },
    "hotWaterPump": {
      "active": false,
      "targetValue": 0
    },
    "mashStirrer": {
      "active": false,
      "targetValue": 0
    },
    "plateValve": {
      "active": false,
      "targetValue": 0
    },
    "waterCirculationPump": {
      "active": false,
      "targetValue": 0
    },
    "waterHeater": {
      "active": false,
      "targetValue": 0
    },
    "wortPump": {
      "active": false,
      "targetValue": 0
    }
  }
}