{
  "00 Pre-circulate": {
    "aerator": {
      "active": false,
      "targetValue": 0
    },
    "boiler": {
      "active": false,
      "targetValue": 0
    },
    "boilerValve": {
      "active": false,
      "targetValue": 0
    },
    "cooler": {
      "active": false,
      "targetValue": 0
    },
    "delayTimer": {
      "active": true,
      "targetValue": 1.0
    },
    "dispenser1": {
      "active": false,
      "targetValue": 0
    },
    "dispenser2": {
      "active": false,
      "targetValue": 0
    },
    "dispenser3": {
      "active": false,
      "targetValue": 0
    },
    "dispenser4": {
      "active": false,
      "targetValue": 0
    },
    "hotWaterPump": {
      "active": false,
      "targetValue": 0
    },
    "mashStirrer": {
      "active": false,
      "targetValue": 0
    },
    "waterCirculationPump": {
      "active": true,
      "targetValue": 1
    },
    "waterHeater": {
      "active": false,
      "targetValue": 0
    },
    "wortPump": {
      "active": false,
      "targetValue": 0
    }
  },
  "01 Heating": {
    "aerator": {
      "active": false,
      "targetValue": 0
    },
    "boiler": {
      "active": false,
      "targetValue": 0
    },
    "boilerValve": {
      "active": false,
      "targetValue": 0
    },
    "cooler": {
      "active": false,
      "targetValue": 0
    },
    "delayTimer": {
      "active": false,
      "targetValue": 0
    },
    "dispenser1": {
      "active": false,
      "targetValue": 0
    },
    "dispenser2": {
      "active": false,
      "targetValue": 0
    },
    "dispenser3": {
      "active": false,
      "targetValue": 0
    },
    "dispenser4": {
      "active": false,
      "targetValue": 0
    },
    "hotWaterPump": {
      "active": false,
      "targetValue": 0
    },
    "mashStirrer": {
      "active": false,
      "targetValue": 0
    },
    "waterCirculationPump": {
      "active": true,
      "targetValue": 1
    },
    "waterHeater": {
      "active": true,
      "targetValue": 166.2654427
    },
    "wortPump": {
      "active": false,
      "targetValue": 0
    }
  },
  "02 Pump rest": {
    "aerator": {
      "active": false,
      "targetValue": 0
    },
    "boiler": {
      "active": false,
      "targetValue": 0
    },
    "boilerValve": {
      "active": false,
      "targetValue": 0
    },
    "cooler": {
      "active": false,
      "targetValue": 0
    },
    "delayTimer": {
      "active": true,
      "targetValue": 0.3
    },
    "dispenser1": {
      "active": false,
      "targetValue": 0
    },
    "dispenser2": {
      "active": false,
      "targetValue": 0
    },
    "dispenser3": {
      "active": false,
      "targetValue": 0
    },
    "dispenser4": {
      "active": false,
      "targetValue": 0
    },
    "hotWaterPump": {
      "active": false,
      "targetValue": 0
    },
    "mashStirrer": {
      "active": false,
      "targetValue": 0
    },
    "waterCirculationPump": {
      "active": false,
      "targetValue": 0
    },
    "waterHeater": {
      "active": true,
      "targetValue": 166.2654427
    },
    "wortPump": {
      "active": false,
      "targetValue": 0
    }
  },
  "03 StrikeWater": {
    "aerator": {
      "active": false,
      "targetValue": 0
    },
    "boiler": {
      "active": false,
      "targetValue": 0
    },
    "boilerValve": {
      "active": false,
      "targetValue": 0
    },
    "cooler": {
      "active": false,
      "targetValue": 0
    },
    "delayTimer": {
      "active": false,
      "targetValue": 0
    },
    "dispenser1": {
      "active": false,
      "targetValue": 0
    },
    "dispenser2": {
      "active": false,
      "targetValue": 0
    },
    "dispenser3": {
      "active": false,
      "targetValue": 0
    },
    "dispenser4": {
      "active": false,
      "targetValue": 0
    },
    "hotWaterPump": {
      "active": true,
      "targetValue": 7.5968165625
    },
    "mashStirrer": {
      "active": false,
      "targetValue": 0
    },
    "waterCirculationPump": {
      "active": false,
      "targetValue": 0
    },
    "waterHeater": {
      "active": true,
      "targetValue": 166.2654427
    },
    "wortPump": {
      "active": false,
      "targetValue": 0
    }
  },
  "04 Mashing": {
    "aerator": {
      "active": false,
      "targetValue": 0
    },
    "boiler": {
      "active": false,
      "targetValue": 0
    },
    "boilerValve": {
      "active": false,
      "targetValue": 0
    },
    "cooler": {
      "active": false,
      "targetValue": 0
    },
    "delayTimer": {
      "active": true,
      "targetValue": 90.0
    },
    "dispenser1": {
      "active": false,
      "targetValue": 0
    },
    "dispenser2": {
      "active": false,
      "targetValue": 0
    },
    "dispenser3": {
      "active": false,
      "targetValue": 0
    },
    "dispenser4": {
      "active": false,
      "targetValue": 0
    },
    "hotWaterPump": {
      "active": false,
      "targetValue": 0
    },
    "mashStirrer": {
      "active": true,
      "targetValue": 1
    },
    "waterCirculationPump": {
      "active": true,
      "targetValue": 1
    },
    "waterHeater": {
      "active": true,
      "targetValue": 168.0
    },
    "wortPump": {
      "active": false,
      "targetValue": 0
    }
  },
  "05 Sparge hold": {
    "aerator": {
      "active": false,
      "targetValue": 0
    },
    "boiler": {
      "active": true,
      "targetValue": 1
    },
    "boilerValve": {
      "active": false,
      "targetValue": 0
    },
    "cooler": {
      "active": false,
      "targetValue": 0
    },
    "delayTimer": {
      "active": true,
      "targetValue": 1
    },
    "dispenser1": {
      "active": false,
      "targetValue": 0
    },
    "dispenser2": {
      "active": false,
      "targetValue": 0
    },
    "dispenser3": {
      "active": false,
      "targetValue": 0
    },
    "dispenser4": {
      "active": false,
      "targetValue": 0
    },
    "hotWaterPump": {
      "active": false,
      "targetValue": 0
    },
    "mashStirrer": {
      "active": false,
      "targetValue": 0
    },
    "waterCirculationPump": {
      "active": false,
      "targetValue": 0
    },
    "waterHeater": {
      "active": false,
      "targetValue": 0
    },
    "wortPump": {
      "active": false,
      "targetValue": 0
    }
  },
  "06 Wort out": {
    "aerator": {
      "active": false,
      "targetValue": 0
    },
    "boiler": {
      "active": true,
      "targetValue": 1
    },
    "boilerValve": {
      "active": false,
      "targetValue": 0
    },
    "cooler": {
      "active": false,
      "targetValue": 0
    },
    "delayTimer": {
      "active": false,
      "targetValue": 0
    },
    "dispenser1": {
      "active": false,
      "targetValue": 0
    },
    "dispenser2": {
      "active": false,
      "targetValue": 0
    },
    "dispenser3": {
      "active": false,
      "targetValue": 0
    },
    "dispenser4": {
      "active": false,
      "targetValue": 0
    },
    "hotWaterPump": {
      "active": false,
      "targetValue": 0
    },
    "mashStirrer": {
      "active": false,
      "targetValue": 0
    },
    "waterCirculationPump": {
      "active": false,
      "targetValue": 0
    },
    "waterHeater": {
      "active": false,
      "targetValue": 0
    },
    "wortPump": {
      "active": true,
      "targetValue": 2.0559107087725903
    }
  },
  "07 Sparge in": {
    "aerator": {
      "active": false,
      "targetValue": 0
    },
    "boiler": {
      "active": true,
      "targetValue": 1
    },
    "boilerValve": {
      "active": false,
      "targetValue": 0
    },
    "cooler": {
      "active": false,
      "targetValue": 0
    },
    "delayTimer": {
      "active": false,
      "targetValue": 0
    },
    "dispenser1": {
      "active": false,
      "targetValue": 0
    },
    "dispenser2": {
      "active": false,
      "targetValue": 0
    },
    "dispenser3": {
      "active": false,
      "targetValue": 0
    },
    "dispenser4": {
      "active": false,
      "targetValue": 0
    },
    "hotWaterPump": {
      "active": true,
      "targetValue": 2.0559107087725903
    },
    "mashStirrer": {
      "active": false,
      "targetValue": 0
    },
    "waterCirculationPump": {
      "active": false,
      "targetValue": 0
    },
    "waterHeater": {
      "active": false,
      "targetValue": 0
    },
    "wortPump": {
      "active": false,
      "targetValue": 0
    }
  },
  "08 Sparge hold": {
    "aerator": {
      "active": false,
      "targetValue": 0
    },
    "boiler": {
      "active": true,
      "targetValue": 1
    },
    "boilerValve": {
      "active": false,
      "targetValue": 0
    },
    "cooler": {
      "active": false,
      "targetValue": 0
    },
    "delayTimer": {
      "active": true,
      "targetValue": 1
    },
    "dispenser1": {
      "active": false,
      "targetValue": 0
    },
    "dispenser2": {
      "active": false,
      "targetValue": 0
    },
    "dispenser3": {
      "active": false,
      "targetValue": 0
    },
    "dispenser4": {
      "active": false,
      "targetValue": 0
    },
    "hotWaterPump": {
      "active": false,
      "targetValue": 0
    },
    "mashStirrer": {
      "active": false,
      "targetValue": 0
    },
    "waterCirculationPump": {
      "active": false,
      "targetValue": 0
    },
    "waterHeater": {
      "active": false,
      "targetValue": 0
    },
    "wortPump": {
      "active": false,
      "targetValue": 0
    }
  },
  "09 Wort out": {
    "aerator": {
      "active": false,
      "targetValue": 0
    },
    "boiler": {
      "active": true,
      "targetValue": 1
    },
    "boilerValve": {
      "active": false,
      "targetValue": 0
    },
    "cooler": {
      "active": false,
      "targetValue": 0
    },
    "delayTimer": {
      "active": false,
      "targetValue": 0
    },
    "dispenser1": {
      "active": false,
      "targetValue": 0
    },
    "dispenser2": {
      "active": false,
      "targetValue": 0
    },
    "dispenser3": {
      "active": false,
      "targetValue": 0
    },
    "dispenser4": {
      "active": false,
      "targetValue": 0
    },
    "hotWaterPump": {
      "active": false,
      "targetValue": 0
    },
    "mashStirrer": {
      "active": false,
      "targetValue": 0
    },
    "waterCirculationPump": {
      "active": false,
      "targetValue": 0
    },
    "waterHeater": {
      "active": false,
      "targetValue": 0
    },
    "wortPump": {
      "active": true,
      "targetValue": 2.0559107087725903
    }
  },
  "10 Sparge in": {
    "aerator": {
      "active": false,
      "targetValue": 0
    },
    "boiler": {
      "active": true,
      "targetValue": 1
    },
    "boilerValve": {
      "active": false,
      "targetValue": 0
    },
    "cooler": {
      "active": false,
      "targetValue": 0
    },
    "delayTimer": {
      "active": false,
      "targetValue": 0
    },
    "dispenser1": {
      "active": false,
      "targetValue": 0
    },
    "dispenser2": {
      "active": false,
      "targetValue": 0
    },
    "dispenser3": {
      "active": false,
      "targetValue": 0
    },
    "dispenser4": {
      "active": false,
      "targetValue": 0
    },
    "hotWaterPump": {
      "active": true,
      "targetValue": 2.0559107087725903
    },
    "mashStirrer": {
      "active": false,
      "targetValue": 0
    },
    "waterCirculationPump": {
      "active": false,
      "targetValue": 0
    },
    "waterHeater": {
      "active": false,
      "targetValue": 0
    },
    "wortPump": {
      "active": false,
      "targetValue": 0
    }
  },
  "11 Sparge hold": {
    "aerator": {
      "active": false,
      "targetValue": 0
    },
    "boiler": {
      "active": true,
      "targetValue": 1
    },
    "boilerValve": {
      "active": false,
      "targetValue": 0
    },
    "cooler": {
      "active": false,
      "targetValue": 0
    },
    "delayTimer": {
      "active": true,
      "targetValue": 1
    },
    "dispenser1": {
      "active": false,
      "targetValue": 0
    },
    "dispenser2": {
      "active": false,
      "targetValue": 0
    },
    "dispenser3": {
      "active": false,
      "targetValue": 0
    },
    "dispenser4": {
      "active": false,
      "targetValue": 0
    },
    "hotWaterPump": {
      "active": false,
      "targetValue": 0
    },
    "mashStirrer": {
      "active": false,
      "targetValue": 0
    },
    "waterCirculationPump": {
      "active": false,
      "targetValue": 0
    },
    "waterHeater": {
      "active": false,
      "targetValue": 0
    },
    "wortPump": {
      "active": false,
      "targetValue": 0
    }
  },
  "12 Wort out": {
    "aerator": {
      "active": false,
      "targetValue": 0
    },
    "boiler": {
      "active": true,
      "targetValue": 1
    },
    "boilerValve": {
      "active": false,
      "targetValue": 0
    },
    "cooler": {
      "active": false,
      "targetValue": 0
    },
    "delayTimer": {
      "active": false,
      "targetValue": 0
    },
    "dispenser1": {
      "active": false,
      "targetValue": 0
    },
    "dispenser2": {
      "active": false,
      "targetValue": 0
    },
    "dispenser3": {
      "active": false,
      "targetValue": 0
    },
    "dispenser4": {
      "active": false,
      "targetValue": 0
    },
    "hotWaterPump": {
      "active": false,
      "targetValue": 0
    },
    "mashStirrer": {
      "active": false,
      "targetValue": 0
    },
    "waterCirculationPump": {
      "active": false,
      "targetValue": 0
    },
    "waterHeater": {
      "active": false,
      "targetValue": 0
    },
    "wortPump": {
      "active": true,
      "targetValue": 2.0559107087725903
    }
  },
  "13 Sparge in": {
    "aerator": {
      "active": false,
      "targetValue": 0
    },
    "boiler": {
      "active": true,
      "targetValue": 1
    },
    "boilerValve": {
      "active": false,
      "targetValue": 0
    },
    "cooler": {
      "active": false,
      "targetValue": 0
    },
    "delayTimer": {
      "active": false,
      "targetValue": 0
    },
    "dispenser1": {
      "active": false,
      "targetValue": 0
    },
    "dispenser2": {
      "active": false,
      "targetValue": 0
    },
    "dispenser3": {
      "active": false,
      "targetValue": 0
    },
    "dispenser4": {
      "active": false,
      "targetValue": 0
    },
    "hotWaterPump": {
      "active": true,
      "targetValue": 2.0559107087725903
    },
    "mashStirrer": {
      "active": false,
      "targetValue": 0
    },
    "waterCirculationPump": {
      "active": false,
      "targetValue": 0
    },
    "waterHeater": {
      "active": false,
      "targetValue": 0
    },
    "wortPump": {
      "active": false,
      "targetValue": 0
    }
  },
  "14 Sparge hold": {
    "aerator": {
      "active": false,
      "targetValue": 0
    },
    "boiler": {
      "active": true,
      "targetValue": 1
    },
    "boilerValve": {
      "active": false,
      "targetValue": 0
    },
    "cooler": {
      "active": false,
      "targetValue": 0
    },
    "delayTimer": {
      "active": true,
      "targetValue": 1
    },
    "dispenser1": {
      "active": false,
      "targetValue": 0
    },
    "dispenser2": {
      "active": false,
      "targetValue": 0
    },
    "dispenser3": {
      "active": false,
      "targetValue": 0
    },
    "dispenser4": {
      "active": false,
      "targetValue": 0
    },
    "hotWaterPump": {
      "active": false,
      "targetValue": 0
    },
    "mashStirrer": {
      "active": false,
      "targetValue": 0
    },
    "waterCirculationPump": {
      "active": false,
      "targetValue": 0
    },
    "waterHeater": {
      "active": false,
      "targetValue": 0
    },
    "wortPump": {
      "active": false,
      "targetValue": 0
    }
  },
  "15 Wort out": {
    "aerator": {
      "active": false,
      "targetValue": 0
    },
    "boiler": {
      "active": true,
      "targetValue": 1
    },
    "boilerValve": {
      "active": false,
      "targetValue": 0
    },
    "cooler": {
      "active": false,
      "targetValue": 0
    },
    "delayTimer": {
      "active": false,
      "targetValue": 0
    },
    "dispenser1": {
      "active": false,
      "targetValue": 0
    },
    "dispenser2": {
      "active": false,
      "targetValue": 0
    },
    "dispenser3": {
      "active": false,
      "targetValue": 0
    },
    "dispenser4": {
      "active": false,
      "targetValue": 0
    },
    "hotWaterPump": {
      "active": false,
      "targetValue": 0
    },
    "mashStirrer": {
      "active": false,
      "targetValue": 0
    },
    "waterCirculationPump": {
      "active": false,
      "targetValue": 0
    },
    "waterHeater": {
      "active": false,
      "targetValue": 0
    },
    "wortPump": {
      "active": true,
      "targetValue": 2.0559107087725903
    }
  },
  "16 Sparge in": {
    "aerator": {
      "active": false,
      "targetValue": 0
    },
    "boiler": {
      "active": true,
      "targetValue": 1
    },
    "boilerValve": {
      "active": false,
      "targetValue": 0
    },
    "cooler": {
      "active": false,
      "targetValue": 0
    },
    "delayTimer": {
      "active": false,
      "targetValue": 0
    },
    "dispenser1": {
      "active": false,
      "targetValue": 0
    },
    "dispenser2": {
      "active": false,
      "targetValue": 0
    },
    "dispenser3": {
      "active": false,
      "targetValue": 0
    },
    "dispenser4": {
      "active": false,
      "targetValue": 0
    },
    "hotWaterPump": {
      "active": true,
      "targetValue": 2.0559107087725903
    },
    "mashStirrer": {
      "active": false,
      "targetValue": 0
    },
    "waterCirculationPump": {
      "active": false,
      "targetValue": 0
    },
    "waterHeater": {
      "active": false,
      "targetValue": 0
    },
    "wortPump": {
      "active": false,
      "targetValue": 0
    }
  },
  "17 Wort Final hold": {
    "aerator": {
      "active": false,
      "targetValue": 0
    },
    "boiler": {
      "active": true,
      "targetValue": 1
    },
    "boilerValve": {
      "active": false,
      "targetValue": 0
    },
    "cooler": {
      "active": false,
      "targetValue": 0
    },
    "delayTimer": {
      "active": true,
      "targetValue": 1
    },
    "dispenser1": {
      "active": false,
      "targetValue": 0
    },
    "dispenser2": {
      "active": false,
      "targetValue": 0
    },
    "dispenser3": {
      "active": false,
      "targetValue": 0
    },
    "dispenser4": {
      "active": false,
      "targetValue": 0
    },
    "hotWaterPump": {
      "active": false,
      "targetValue": 0
    },
    "mashStirrer": {
      "active": false,
      "targetValue": 0
    },
    "waterCirculationPump": {
      "active": false,
      "targetValue": 0
    },
    "waterHeater": {
      "active": false,
      "targetValue": 0
    },
    "wortPump": {
      "active": false,
      "targetValue": 0
    }
  },
  "18 Wort out final": {
    "aerator": {
      "active": false,
      "targetValue": 0
    },
    "boiler": {
      "active": true,
      "targetValue": 1
    },
    "boilerValve": {
      "active": false,
      "targetValue": 0
    },
    "cooler": {
      "active": false,
      "targetValue": 0
    },
    "delayTimer": {
      "active": false,
      "targetValue": 0
    },
    "dispenser1": {
      "active": false,
      "targetValue": 0
    },
    "dispenser2": {
      "active": false,
      "targetValue": 0
    },
    "dispenser3": {
      "active": false,
      "targetValue": 0
    },
    "dispenser4": {
      "active": false,
      "targetValue": 0
    },
    "hotWaterPump": {
      "active": false,
      "targetValue": 0
    },
    "mashStirrer": {
      "active": false,
      "targetValue": 0
    },
    "waterCirculationPump": {
      "active": false,
      "targetValue": 0
    },
    "waterHeater": {
      "active": false,
      "targetValue": 0
    },
    "wortPump": {
      "active": true,
      "targetValue": 2.0881785824548196
    }
  },
  "19 Wort Final hold": {
    "aerator": {
      "active": false,
      "targetValue": 0
    },
    "boiler": {
      "active": true,
      "targetValue": 1
    },
    "boilerValve": {
      "active": false,
      "targetValue": 0
    },
    "cooler": {
      "active": false,
      "targetValue": 0
    },
    "delayTimer": {
      "active": true,
      "targetValue": 1
    },
    "dispenser1": {
      "active": false,
      "targetValue": 0
    },
    "dispenser2": {
      "active": false,
      "targetValue": 0
    },
    "dispenser3": {
      "active": false,
      "targetValue": 0
    },
    "dispenser4": {
      "active": false,
      "targetValue": 0
    },
    "hotWaterPump": {
      "active": false,
      "targetValue": 0
    },
    "mashStirrer": {
      "active": false,
      "targetValue": 0
    },
    "waterCirculationPump": {
      "active": false,
      "targetValue": 0
    },
    "waterHeater": {
      "active": false,
      "targetValue": 0
    },
    "wortPump": {
      "active": false,
      "targetValue": 0
    }
  },
  "20 Wort out final": {
    "aerator": {
      "active": false,
      "targetValue": 0
    },
    "boiler": {
      "active": true,
      "targetValue": 1
    },
    "boilerValve": {
      "active": false,
      "targetValue": 0
    },
    "cooler": {
      "active": false,
      "targetValue": 0
    },
    "delayTimer": {
      "active": false,
      "targetValue": 0
    },
    "dispenser1": {
      "active": false,
      "targetValue": 0
    },
    "dispenser2": {
      "active": false,
      "targetValue": 0
    },
    "dispenser3": {
      "active": false,
      "targetValue": 0
    },
    "dispenser4": {
      "active": false,
      "targetValue": 0
    },
    "hotWaterPump": {
      "active": false,
      "targetValue": 0
    },
    "mashStirrer": {
      "active": false,
      "targetValue": 0
    },
    "waterCirculationPump": {
      "active": false,
      "targetValue": 0
    },
    "waterHeater": {
      "active": false,
      "targetValue": 0
    },
    "wortPump": {
      "active": true,
      "targetValue": 2.0881785824548196
    }
  },
  "22 pre-boil": {
    "aerator": {
      "active": false,
      "targetValue": 0
    },
    "boiler": {
      "active": true,
      "targetValue": 174
    },
    "boilerValve": {
      "active": false,
      "targetValue": 0
    },
    "cooler": {
      "active": false,
      "targetValue": 0
    },
    "delayTimer": {
      "active": false,
      "targetValue": 0
    },
    "dispenser1": {
      "active": false,
      "targetValue": 0
    },
    "dispenser2": {
      "active": false,
      "targetValue": 0
    },
    "dispenser3": {
      "active": false,
      "targetValue": 0
    },
    "dispenser4": {
      "active": false,
      "targetValue": 0
    },
    "hotWaterPump": {
      "active": false,
      "targetValue": 0
    },
    "mashStirrer": {
      "active": false,
      "targetValue": 0
    },
    "waterCirculationPump": {
      "active": false,
      "targetValue": 0
    },
    "waterHeater": {
      "active": false,
      "targetValue": 0
    },
    "wortPump": {
      "active": false,
      "targetValue": 0
    }
  },
  "23 de-foam": {
    "aerator": {
      "active": false,
      "targetValue": 0
    },
    "boiler": {
      "active": false,
      "targetValue": 0
    },
    "boilerValve": {
      "active": false,
      "targetValue": 0
    },
    "cooler": {
      "active": false,
      "targetValue": 0
    },
    "delayTimer": {
      "active": true,
      "targetValue": 1
    },
    "dispenser1": {
      "active": false,
      "targetValue": 0
    },
    "dispenser2": {
      "active": false,
      "targetValue": 0
    },
    "dispenser3": {
      "active": false,
      "targetValue": 0
    },
    "dispenser4": {
      "active": false,
      "targetValue": 0
    },
    "hotWaterPump": {
      "active": false,
      "targetValue": 0
    },
    "mashStirrer": {
      "active": false,
      "targetValue": 0
    },
    "waterCirculationPump": {
      "active": false,
      "targetValue": 0
    },
    "waterHeater": {
      "active": false,
      "targetValue": 0
    },
    "wortPump": {
      "active": false,
      "targetValue": 0
    }
  },
  "24 start boil": {
    "aerator": {
      "active": false,
      "targetValue": 0
    },
    "boiler": {
      "active": true,
      "targetValue": 179
    },
    "boilerValve": {
      "active": false,
      "targetValue": 0
    },
    "cooler": {
      "active": false,
      "targetValue": 0
    },
    "delayTimer": {
      "active": false,
      "targetValue": 0
    },
    "dispenser1": {
      "active": false,
      "targetValue": 0
    },
    "dispenser2": {
      "active": false,
      "targetValue": 0
    },
    "dispenser3": {
      "active": false,
      "targetValue": 0
    },
    "dispenser4": {
      "active": false,
      "targetValue": 0
    },
    "hotWaterPump": {
      "active": false,
      "targetValue": 0
    },
    "mashStirrer": {
      "active": false,
      "targetValue": 0
    },
    "waterCirculationPump": {
      "active": false,
      "targetValue": 0
    },
    "waterHeater": {
      "active": false,
      "targetValue": 0
    },
    "wortPump": {
      "active": false,
      "targetValue": 0
    }
  },
  "25 Boil": {
    "aerator": {
      "active": false,
      "targetValue": 0
    },
    "boiler": {
      "active": true,
      "targetValue": 179
    },
    "boilerValve": {
      "active": false,
      "targetValue": 0
    },
    "cooler": {
      "active": false,
      "targetValue": 0
    },
    "delayTimer": {
      "active": true,
      "targetValue": 0.0
    },
    "dispenser1": {
      "active": false,
      "targetValue": 0
    },
    "dispenser2": {
      "active": false,
      "targetValue": 0
    },
    "dispenser3": {
      "active": false,
      "targetValue": 0
    },
    "dispenser4": {
      "active": false,
      "targetValue": 0
    },
    "hotWaterPump": {
      "active": false,
      "targetValue": 0
    },
    "mashStirrer": {
      "active": false,
      "targetValue": 0
    },
    "waterCirculationPump": {
      "active": false,
      "targetValue": 0
    },
    "waterHeater": {
      "active": false,
      "targetValue": 0
    },
    "wortPump": {
      "active": false,
      "targetValue": 0
    }
  },
  "26 Boil": {
    "aerator": {
      "active": false,
      "targetValue": 0
    },
    "boiler": {
      "active": true,
      "targetValue": 179
    },
    "boilerValve": {
      "active": false,
      "targetValue": 0
    },
    "cooler": {
      "active": false,
      "targetValue": 0
    },
    "delayTimer": {
      "active": true,
      "targetValue": 45.0
    },
    "dispenser1": {
      "active": true,
      "targetValue": 0
    },
    "dispenser2": {
      "active": false,
      "targetValue": 0
    },
    "dispenser3": {
      "active": false,
      "targetValue": 0
    },
    "dispenser4": {
      "active": false,
      "targetValue": 0
    },
    "hotWaterPump": {
      "active": false,
      "targetValue": 0
    },
    "mashStirrer": {
      "active": false,
      "targetValue": 0
    },
    "waterCirculationPump": {
      "active": false,
      "targetValue": 0
    },
    "waterHeater": {
      "active": false,
      "targetValue": 0
    },
    "wortPump": {
      "active": false,
      "targetValue": 0
    }
  },
  "27 Boil": {
    "aerator": {
      "active": false,
      "targetValue": 0
    },
    "boiler": {
      "active": true,
      "targetValue": 179
    },
    "boilerValve": {
      "active": false,
      "targetValue": 0
    },
    "cooler": {
      "active": false,
      "targetValue": 0
    },
    "delayTimer": {
      "active": true,
      "targetValue": 15.0
    },
    "dispenser1": {
      "active": false,
      "targetValue": 0
    },
    "dispenser2": {
      "active": true,
      "targetValue": 0
    },
    "dispenser3": {
      "active": false,
      "targetValue": 0
    },
    "dispenser4": {
      "active": false,
      "targetValue": 0
    },
    "hotWaterPump": {
      "active": false,
      "targetValue": 0
    },
    "mashStirrer": {
      "active": false,
      "targetValue": 0
    },
    "waterCirculationPump": {
      "active": false,
      "targetValue": 0
    },
    "waterHeater": {
      "active": false,
      "targetValue": 0
    },
    "wortPump": {
      "active": false,
      "targetValue": 0
    }
  },
  "28 Cool down": {
    "aerator": {
      "active": false,
      "targetValue": 0
    },
    "boiler": {
      "active": false,
      "targetValue": 0
    },
    "boilerValve": {
      "active": false,
      "targetValue": 0
    },
    "cooler": {
      "active": false,
      "targetValue": 0
    },
    "delayTimer": {
      "active": true,
      "targetValue": 0.1
    },
    "dispenser1": {
      "active": false,
      "targetValue": 0
    },
    "dispenser2": {
      "active": false,
      "targetValue": 0
    },
    "dispenser3": {
      "active": false,
      "targetValue": 0
    },
    "dispenser4": {
      "active": false,
      "targetValue": 0
    },
    "hotWaterPump": {
      "active": false,
      "targetValue": 0
    },
    "mashStirrer": {
      "active": false,
      "targetValue": 0
    },
    "waterCirculationPump": {
      "active": false,
      "targetValue": 0
    },
    "waterHeater": {
      "active": false,
      "targetValue": 0
    },
    "wortPump": {
      "active": false,
      "targetValue": 0
    }
  },
  "29 cool": {
    "aerator": {
      "active": false,
      "targetValue": 0
    },
    "boiler": {
      "active": false,
      "targetValue": 0
    },
    "boilerValve": {
      "active": false,
      "targetValue": 0
    },
    "cooler": {
      "active": true,
      "targetValue": 72
    },
    "delayTimer": {
      "active": false,
      "targetValue": 0
    },
    "dispenser1": {
      "active": false,
      "targetValue": 0
    },
    "dispenser2": {
      "active": false,
      "targetValue": 0
    },
    "dispenser3": {
      "active": false,
      "targetValue": 0
    },
    "dispenser4": {
      "active": false,
      "targetValue": 0
    },
    "hotWaterPump": {
      "active": false,
      "targetValue": 0
    },
    "mashStirrer": {
      "active": false,
      "targetValue": 0
    },
    "waterCirculationPump": {
      "active": false,
      "targetValue": 0
    },
    "waterHeater": {
      "active": false,
      "targetValue": 0
    },
    "wortPump": {
      "active": false,
      "targetValue": 0
    }
  },
  "30 re-charge": {
    "aerator": {
      "active": false,
      "targetValue": 0
    },
    "boiler": {
      "active": false,
      "targetValue": 0
    },
    "boilerValve": {
      "active": false,
      "targetValue": 0
    },
    "cooler": {
      "active": false,
      "targetValue": 0
    },
    "delayTimer": {
      "active": true,
      "targetValue": 1
    },
    "dispenser1": {
      "active": false,
      "targetValue": 0
    },
    "dispenser2": {
      "active": false,
      "targetValue": 0
    },
    "dispenser3": {
      "active": false,
      "targetValue": 0
    },
    "dispenser4": {
      "active": false,
      "targetValue": 0
    },
    "hotWaterPump": {
      "active": false,
      "targetValue": 0
    },
    "mashStirrer": {
      "active": false,
      "targetValue": 0
    },
    "waterCirculationPump": {
      "active": false,
      "targetValue": 0
    },
    "waterHeater": {
      "active": false,
      "targetValue": 0
    },
    "wortPump": {
      "active": false,
      "targetValue": 0
    }
  },
  "31 Empty out": {
    "aerator": {
      "active": true,
      "targetValue": 1
    },
    "boiler": {
      "active": false,
      "targetValue": 0
    },
    "boilerValve": {
      "active": true,
      "targetValue": 1
    },
    "cooler": {
      "active": false,
      "targetValue": 0
    },
    "delayTimer": {
      "active": true,
      "targetValue": 15
    },
    "dispenser1": {
      "active": false,
      "targetValue": 0
    },
    "dispenser2": {
      "active": false,
      "targetValue": 0
    },
    "dispenser3": {
      "active": false,
      "targetValue": 0
    },
    "dispenser4": {
      "active": false,
      "targetValue": 0
    },
    "hotWaterPump": {
      "active": false,
      "targetValue": 0
    },
    "mashStirrer": {
      "active": false,
      "targetValue": 0
    },
    "waterCirculationPump": {
      "active": false,
      "targetValue": 0
    },
    "waterHeater": {
      "active": false,
      "targetValue": 0
    },
    "wortPump": {
      "active": false,
      "targetValue": 0
    }
  }
}