{
  "00 Pre-circulate": {
    "aerator": {
      "active": false,
      "targetValue": 0
    },
    "boiler": {
      "active": false,
      "targetValue": 0
    },
    "boilerValve": {
      "active": false,
      "targetValue": 0
    },
    "boilerVolume": {
      "active": false,
      "targetValue": 0
    },
    "controllerInfo": {
      "active": false,
      "targetValue": 0
    },
    "cooler": {
      "active": false,
      "targetValue": 0
    },
    "delayTimer": {
      "active": true,
      "targetValue": 3.0
    },
    "dispenser1": {
      "active": false,
      "targetValue": 0
    },
    "dispenser2": {
      "active": false,
      "targetValue": 0
    },
    "dispenser3": {
      "active": false,
      "targetValue": 0
    },
    "dispenser4": {
      "active": false,
      "targetValue": 0
    },
    "envTemp": {
      "active": false,
      "targetValue": 0
    },
    "hotWaterPump": {
      "active": false,
      "targetValue": 0
    },
    "mashStirrer": {
      "active": false,
      "targetValue": 0
    },
    "mashTemp": {
      "active": false,
      "targetValue": 0
    },
    "plateValve": {
      "active": false,
      "targetValue": 0
    },
    "waterCirculationPump": {
      "active": true,
      "targetValue": 1
    },
    "waterHeater": {
      "active": false,
      "targetValue": 0
    },
    "wortPump": {
      "active": false,
      "targetValue": 0
    }
  },
  "01 Heating": {
    "aerator": {
      "active": false,
      "targetValue": 0
    },
    "boiler": {
      "active": false,
      "targetValue": 0
    },
    "boilerValve": {
      "active": false,
      "targetValue": 0
    },
    "boilerVolume": {
      "active": false,
      "targetValue": 0
    },
    "controllerInfo": {
      "active": false,
      "targetValue": 0
    },
    "cooler": {
      "active": false,
      "targetValue": 0
    },
    "delayTimer": {
      "active": false,
      "targetValue": 0
    },
    "dispenser1": {
      "active": false,
      "targetValue": 0
    },
    "dispenser2": {
      "active": false,
      "targetValue": 0
    },
    "dispenser3": {
      "active": false,
      "targetValue": 0
    },
    "dispenser4": {
      "active": false,
      "targetValue": 0
    },
    "envTemp": {
      "active": false,
      "targetValue": 0
    },
    "hotWaterPump": {
      "active": false,
      "targetValue": 0
    },
    "mashStirrer": {
      "active": false,
      "targetValue": 0
    },
    "mashTemp": {
      "active": false,
      "targetValue": 0
    },
    "plateValve": {
      "active": false,
      "targetValue": 0
    },
    "waterCirculationPump": {
      "active": true,
      "targetValue": 1
    },
    "waterHeater": {
      "active": true,
      "targetValue": 177.60930573117943
    },
    "wortPump": {
      "active": false,
      "targetValue": 0
    }
  },
  "02 Pump rest": {
    "aerator": {
      "active": false,
      "targetValue": 0
    },
    "boiler": {
      "active": false,
      "targetValue": 0
    },
    "boilerValve": {
      "active": false,
      "targetValue": 0
    },
    "boilerVolume": {
      "active": false,
      "targetValue": 0
    },
    "controllerInfo": {
      "active": false,
      "targetValue": 0
    },
    "cooler": {
      "active": false,
      "targetValue": 0
    },
    "delayTimer": {
      "active": true,
      "targetValue": 0.3
    },
    "dispenser1": {
      "active": false,
      "targetValue": 0
    },
    "dispenser2": {
      "active": false,
      "targetValue": 0
    },
    "dispenser3": {
      "active": false,
      "targetValue": 0
    },
    "dispenser4": {
      "active": false,
      "targetValue": 0
    },
    "envTemp": {
      "active": false,
      "targetValue": 0
    },
    "hotWaterPump": {
      "active": false,
      "targetValue": 0
    },
    "mashStirrer": {
      "active": false,
      "targetValue": 0
    },
    "mashTemp": {
      "active": false,
      "targetValue": 0
    },
    "plateValve": {
      "active": false,
      "targetValue": 0
    },
    "waterCirculationPump": {
      "active": false,
      "targetValue": 0
    },
    "waterHeater": {
      "active": true,
      "targetValue": 177.60930573117943
    },
    "wortPump": {
      "active": false,
      "targetValue": 0
    }
  },
  "03 StrikeWater": {
    "aerator": {
      "active": false,
      "targetValue": 0
    },
    "boiler": {
      "active": false,
      "targetValue": 0
    },
    "boilerValve": {
      "active": false,
      "targetValue": 0
    },
    "boilerVolume": {
      "active": false,
      "targetValue": 0
    },
    "controllerInfo": {
      "active": false,
      "targetValue": 0
    },
    "cooler": {
      "active": false,
      "targetValue": 0
    },
    "delayTimer": {
      "active": false,
      "targetValue": 0
    },
    "dispenser1": {
      "active": false,
      "targetValue": 0
    },
    "dispenser2": {
      "active": false,
      "targetValue": 0
    },
    "dispenser3": {
      "active": false,
      "targetValue": 0
    },
    "dispenser4": {
      "active": false,
      "targetValue": 0
    },
    "envTemp": {
      "active": false,
      "targetValue": 0
    },
    "hotWaterPump": {
      "active": true,
      "targetValue": 11.149999999999999
    },
    "mashStirrer": {
      "active": false,
      "targetValue": 0
    },
    "mashTemp": {
      "active": false,
      "targetValue": 0
    },
    "plateValve": {
      "active": false,
      "targetValue": 0
    },
    "waterCirculationPump": {
      "active": false,
      "targetValue": 0
    },
    "waterHeater": {
      "active": true,
      "targetValue": 177.60930573117943
    },
    "wortPump": {
      "active": false,
      "targetValue": 0
    }
  },
  "04 Mashing": {
    "aerator": {
      "active": false,
      "targetValue": 0
    },
    "boiler": {
      "active": false,
      "targetValue": 0
    },
    "boilerValve": {
      "active": false,
      "targetValue": 0
    },
    "boilerVolume": {
      "active": false,
      "targetValue": 0
    },
    "controllerInfo": {
      "active": false,
      "targetValue": 0
    },
    "cooler": {
      "active": false,
      "targetValue": 0
    },
    "delayTimer": {
      "active": true,
      "targetValue": 60.0
    },
    "dispenser1": {
      "active": false,
      "targetValue": 0
    },
    "dispenser2": {
      "active": false,
      "targetValue": 0
    },
    "dispenser3": {
      "active": false,
      "targetValue": 0
    },
    "dispenser4": {
      "active": false,
      "targetValue": 0
    },
    "envTemp": {
      "active": false,
      "targetValue": 0
    },
    "hotWaterPump": {
      "active": false,
      "targetValue": 0
    },
    "mashStirrer": {
      "active": true,
      "targetValue": 1
    },
    "mashTemp": {
      "active": false,
      "targetValue": 0
    },
    "plateValve": {
      "active": false,
      "targetValue": 0
    },
    "waterCirculationPump": {
      "active": true,
      "targetValue": 1
    },
    "waterHeater": {
      "active": true,
      "targetValue": 168.0
    },
    "wortPump": {
      "active": false,
      "targetValue": 0
    }
  },
  "06 Sparge in 1": {
    "aerator": {
      "active": false,
      "targetValue": 0
    },
    "boiler": {
      "active": false,
      "targetValue": 0
    },
    "boilerValve": {
      "active": false,
      "targetValue": 0
    },
    "boilerVolume": {
      "active": false,
      "targetValue": 0
    },
    "controllerInfo": {
      "active": false,
      "targetValue": 0
    },
    "cooler": {
      "active": false,
      "targetValue": 0
    },
    "delayTimer": {
      "active": false,
      "targetValue": 0
    },
    "dispenser1": {
      "active": false,
      "targetValue": 0
    },
    "dispenser2": {
      "active": false,
      "targetValue": 0
    },
    "dispenser3": {
      "active": false,
      "targetValue": 0
    },
    "dispenser4": {
      "active": false,
      "targetValue": 0
    },
    "envTemp": {
      "active": false,
      "targetValue": 0
    },
    "hotWaterPump": {
      "active": true,
      "targetValue": 0.3116867469879523
    },
    "mashStirrer": {
      "active": false,
      "targetValue": 0
    },
    "mashTemp": {
      "active": false,
      "targetValue": 0
    },
    "plateValve": {
      "active": false,
      "targetValue": 0
    },
    "waterCirculationPump": {
      "active": false,
      "targetValue": 0
    },
    "waterHeater": {
      "active": false,
      "targetValue": 0
    },
    "wortPump": {
      "active": false,
      "targetValue": 0
    }
  },
  "07 Wort out 1": {
    "aerator": {
      "active": false,
      "targetValue": 0
    },
    "boiler": {
      "active": true,
      "targetValue": 0
    },
    "boilerValve": {
      "active": false,
      "targetValue": 0
    },
    "boilerVolume": {
      "active": false,
      "targetValue": 0
    },
    "controllerInfo": {
      "active": false,
      "targetValue": 0
    },
    "cooler": {
      "active": false,
      "targetValue": 0
    },
    "delayTimer": {
      "active": false,
      "targetValue": 0
    },
    "dispenser1": {
      "active": false,
      "targetValue": 0
    },
    "dispenser2": {
      "active": false,
      "targetValue": 0
    },
    "dispenser3": {
      "active": false,
      "targetValue": 0
    },
    "dispenser4": {
      "active": false,
      "targetValue": 0
    },
    "envTemp": {
      "active": false,
      "targetValue": 0
    },
    "hotWaterPump": {
      "active": false,
      "targetValue": 0
    },
    "mashStirrer": {
      "active": false,
      "targetValue": 0
    },
    "mashTemp": {
      "active": false,
      "targetValue": 0
    },
    "plateValve": {
      "active": false,
      "targetValue": 0
    },
    "waterCirculationPump": {
      "active": false,
      "targetValue": 0
    },
    "waterHeater": {
      "active": false,
      "targetValue": 0
    },
    "wortPump": {
      "active": true,
      "targetValue": 7.24
    }
  },
  "08 Sparge in 2": {
    "aerator": {
      "active": false,
      "targetValue": 0
    },
    "boiler": {
      "active": true,
      "targetValue": 0
    },
    "boilerValve": {
      "active": false,
      "targetValue": 0
    },
    "boilerVolume": {
      "active": false,
      "targetValue": 0
    },
    "controllerInfo": {
      "active": false,
      "targetValue": 0
    },
    "cooler": {
      "active": false,
      "targetValue": 0
    },
    "delayTimer": {
      "active": false,
      "targetValue": 0
    },
    "dispenser1": {
      "active": false,
      "targetValue": 0
    },
    "dispenser2": {
      "active": false,
      "targetValue": 0
    },
    "dispenser3": {
      "active": false,
      "targetValue": 0
    },
    "dispenser4": {
      "active": false,
      "targetValue": 0
    },
    "envTemp": {
      "active": false,
      "targetValue": 0
    },
    "hotWaterPump": {
      "active": true,
      "targetValue": 7.24
    },
    "mashStirrer": {
      "active": false,
      "targetValue": 0
    },
    "mashTemp": {
      "active": false,
      "targetValue": 0
    },
    "plateValve": {
      "active": false,
      "targetValue": 0
    },
    "waterCirculationPump": {
      "active": false,
      "targetValue": 0
    },
    "waterHeater": {
      "active": false,
      "targetValue": 0
    },
    "wortPump": {
      "active": false,
      "targetValue": 0
    }
  },
  "10 pre-boil": {
    "aerator": {
      "active": false,
      "targetValue": 0
    },
    "boiler": {
      "active": true,
      "targetValue": 195
    },
    "boilerValve": {
      "active": false,
      "targetValue": 0
    },
    "boilerVolume": {
      "active": false,
      "targetValue": 0
    },
    "controllerInfo": {
      "active": false,
      "targetValue": 0
    },
    "cooler": {
      "active": false,
      "targetValue": 0
    },
    "delayTimer": {
      "active": false,
      "targetValue": 0
    },
    "dispenser1": {
      "active": false,
      "targetValue": 0
    },
    "dispenser2": {
      "active": false,
      "targetValue": 0
    },
    "dispenser3": {
      "active": false,
      "targetValue": 0
    },
    "dispenser4": {
      "active": false,
      "targetValue": 0
    },
    "envTemp": {
      "active": false,
      "targetValue": 0
    },
    "hotWaterPump": {
      "active": false,
      "targetValue": 0
    },
    "mashStirrer": {
      "active": false,
      "targetValue": 0
    },
    "mashTemp": {
      "active": false,
      "targetValue": 0
    },
    "plateValve": {
      "active": false,
      "targetValue": 0
    },
    "waterCirculationPump": {
      "active": false,
      "targetValue": 0
    },
    "waterHeater": {
      "active": false,
      "targetValue": 0
    },
    "wortPump": {
      "active": false,
      "targetValue": 0
    }
  },
  "11 de-foam": {
    "aerator": {
      "active": false,
      "targetValue": 0
    },
    "boiler": {
      "active": false,
      "targetValue": 0
    },
    "boilerValve": {
      "active": false,
      "targetValue": 0
    },
    "boilerVolume": {
      "active": false,
      "targetValue": 0
    },
    "controllerInfo": {
      "active": false,
      "targetValue": 0
    },
    "cooler": {
      "active": false,
      "targetValue": 0
    },
    "delayTimer": {
      "active": true,
      "targetValue": 1
    },
    "dispenser1": {
      "active": false,
      "targetValue": 0
    },
    "dispenser2": {
      "active": false,
      "targetValue": 0
    },
    "dispenser3": {
      "active": false,
      "targetValue": 0
    },
    "dispenser4": {
      "active": false,
      "targetValue": 0
    },
    "envTemp": {
      "active": false,
      "targetValue": 0
    },
    "hotWaterPump": {
      "active": false,
      "targetValue": 0
    },
    "mashStirrer": {
      "active": false,
      "targetValue": 0
    },
    "mashTemp": {
      "active": false,
      "targetValue": 0
    },
    "plateValve": {
      "active": false,
      "targetValue": 0
    },
    "waterCirculationPump": {
      "active": false,
      "targetValue": 0
    },
    "waterHeater": {
      "active": false,
      "targetValue": 0
    },
    "wortPump": {
      "active": false,
      "targetValue": 0
    }
  },
  "12 start boil": {
    "aerator": {
      "active": false,
      "targetValue": 0
    },
    "boiler": {
      "active": true,
      "targetValue": 200
    },
    "boilerValve": {
      "active": false,
      "targetValue": 0
    },
    "boilerVolume": {
      "active": false,
      "targetValue": 0
    },
    "controllerInfo": {
      "active": false,
      "targetValue": 0
    },
    "cooler": {
      "active": false,
      "targetValue": 0
    },
    "delayTimer": {
      "active": false,
      "targetValue": 0
    },
    "dispenser1": {
      "active": false,
      "targetValue": 0
    },
    "dispenser2": {
      "active": false,
      "targetValue": 0
    },
    "dispenser3": {
      "active": false,
      "targetValue": 0
    },
    "dispenser4": {
      "active": false,
      "targetValue": 0
    },
    "envTemp": {
      "active": false,
      "targetValue": 0
    },
    "hotWaterPump": {
      "active": false,
      "targetValue": 0
    },
    "mashStirrer": {
      "active": false,
      "targetValue": 0
    },
    "mashTemp": {
      "active": false,
      "targetValue": 0
    },
    "plateValve": {
      "active": false,
      "targetValue": 0
    },
    "waterCirculationPump": {
      "active": false,
      "targetValue": 0
    },
    "waterHeater": {
      "active": false,
      "targetValue": 0
    },
    "wortPump": {
      "active": false,
      "targetValue": 0
    }
  },
  "13 Boil": {
    "aerator": {
      "active": false,
      "targetValue": 0
    },
    "boiler": {
      "active": true,
      "targetValue": 200
    },
    "boilerValve": {
      "active": false,
      "targetValue": 0
    },
    "boilerVolume": {
      "active": false,
      "targetValue": 0
    },
    "controllerInfo": {
      "active": false,
      "targetValue": 0
    },
    "cooler": {
      "active": false,
      "targetValue": 0
    },
    "delayTimer": {
      "active": true,
      "targetValue": 0.0
    },
    "dispenser1": {
      "active": false,
      "targetValue": 0
    },
    "dispenser2": {
      "active": false,
      "targetValue": 0
    },
    "dispenser3": {
      "active": false,
      "targetValue": 0
    },
    "dispenser4": {
      "active": false,
      "targetValue": 0
    },
    "envTemp": {
      "active": false,
      "targetValue": 0
    },
    "hotWaterPump": {
      "active": false,
      "targetValue": 0
    },
    "mashStirrer": {
      "active": false,
      "targetValue": 0
    },
    "mashTemp": {
      "active": false,
      "targetValue": 0
    },
    "plateValve": {
      "active": false,
      "targetValue": 0
    },
    "waterCirculationPump": {
      "active": false,
      "targetValue": 0
    },
    "waterHeater": {
      "active": false,
      "targetValue": 0
    },
    "wortPump": {
      "active": false,
      "targetValue": 0
    }
  },
  "14 Boil": {
    "aerator": {
      "active": false,
      "targetValue": 0
    },
    "boiler": {
      "active": true,
      "targetValue": 200
    },
    "boilerValve": {
      "active": false,
      "targetValue": 0
    },
    "boilerVolume": {
      "active": false,
      "targetValue": 0
    },
    "controllerInfo": {
      "active": false,
      "targetValue": 0
    },
    "cooler": {
      "active": false,
      "targetValue": 0
    },
    "delayTimer": {
      "active": true,
      "targetValue": 30.0
    },
    "dispenser1": {
      "active": true,
      "targetValue": 0
    },
    "dispenser2": {
      "active": false,
      "targetValue": 0
    },
    "dispenser3": {
      "active": false,
      "targetValue": 0
    },
    "dispenser4": {
      "active": false,
      "targetValue": 0
    },
    "envTemp": {
      "active": false,
      "targetValue": 0
    },
    "hotWaterPump": {
      "active": false,
      "targetValue": 0
    },
    "mashStirrer": {
      "active": false,
      "targetValue": 0
    },
    "mashTemp": {
      "active": false,
      "targetValue": 0
    },
    "plateValve": {
      "active": false,
      "targetValue": 0
    },
    "waterCirculationPump": {
      "active": false,
      "targetValue": 0
    },
    "waterHeater": {
      "active": false,
      "targetValue": 0
    },
    "wortPump": {
      "active": false,
      "targetValue": 0
    }
  },
  "15 Boil": {
    "aerator": {
      "active": false,
      "targetValue": 0
    },
    "boiler": {
      "active": true,
      "targetValue": 200
    },
    "boilerValve": {
      "active": false,
      "targetValue": 0
    },
    "boilerVolume": {
      "active": false,
      "targetValue": 0
    },
    "controllerInfo": {
      "active": false,
      "targetValue": 0
    },
    "cooler": {
      "active": false,
      "targetValue": 0
    },
    "delayTimer": {
      "active": true,
      "targetValue": 15.0
    },
    "dispenser1": {
      "active": false,
      "targetValue": 0
    },
    "dispenser2": {
      "active": true,
      "targetValue": 0
    },
    "dispenser3": {
      "active": false,
      "targetValue": 0
    },
    "dispenser4": {
      "active": false,
      "targetValue": 0
    },
    "envTemp": {
      "active": false,
      "targetValue": 0
    },
    "hotWaterPump": {
      "active": false,
      "targetValue": 0
    },
    "mashStirrer": {
      "active": false,
      "targetValue": 0
    },
    "mashTemp": {
      "active": false,
      "targetValue": 0
    },
    "plateValve": {
      "active": false,
      "targetValue": 0
    },
    "waterCirculationPump": {
      "active": false,
      "targetValue": 0
    },
    "waterHeater": {
      "active": false,
      "targetValue": 0
    },
    "wortPump": {
      "active": false,
      "targetValue": 0
    }
  },
  "16 Boil": {
    "aerator": {
      "active": false,
      "targetValue": 0
    },
    "boiler": {
      "active": true,
      "targetValue": 200
    },
    "boilerValve": {
      "active": false,
      "targetValue": 0
    },
    "boilerVolume": {
      "active": false,
      "targetValue": 0
    },
    "controllerInfo": {
      "active": false,
      "targetValue": 0
    },
    "cooler": {
      "active": false,
      "targetValue": 0
    },
    "delayTimer": {
      "active": true,
      "targetValue": 10.0
    },
    "dispenser1": {
      "active": false,
      "targetValue": 0
    },
    "dispenser2": {
      "active": false,
      "targetValue": 0
    },
    "dispenser3": {
      "active": true,
      "targetValue": 0
    },
    "dispenser4": {
      "active": false,
      "targetValue": 0
    },
    "envTemp": {
      "active": false,
      "targetValue": 0
    },
    "hotWaterPump": {
      "active": false,
      "targetValue": 0
    },
    "mashStirrer": {
      "active": false,
      "targetValue": 0
    },
    "mashTemp": {
      "active": false,
      "targetValue": 0
    },
    "plateValve": {
      "active": false,
      "targetValue": 0
    },
    "waterCirculationPump": {
      "active": false,
      "targetValue": 0
    },
    "waterHeater": {
      "active": false,
      "targetValue": 0
    },
    "wortPump": {
      "active": false,
      "targetValue": 0
    }
  },
  "17 Boil": {
    "aerator": {
      "active": false,
      "targetValue": 0
    },
    "boiler": {
      "active": true,
      "targetValue": 200
    },
    "boilerValve": {
      "active": false,
      "targetValue": 0
    },
    "boilerVolume": {
      "active": false,
      "targetValue": 0
    },
    "controllerInfo": {
      "active": false,
      "targetValue": 0
    },
    "cooler": {
      "active": false,
      "targetValue": 0
    },
    "delayTimer": {
      "active": true,
      "targetValue": 5.0
    },
    "dispenser1": {
      "active": false,
      "targetValue": 0
    },
    "dispenser2": {
      "active": false,
      "targetValue": 0
    },
    "dispenser3": {
      "active": false,
      "targetValue": 0
    },
    "dispenser4": {
      "active": true,
      "targetValue": 0
    },
    "envTemp": {
      "active": false,
      "targetValue": 0
    },
    "hotWaterPump": {
      "active": false,
      "targetValue": 0
    },
    "mashStirrer": {
      "active": false,
      "targetValue": 0
    },
    "mashTemp": {
      "active": false,
      "targetValue": 0
    },
    "plateValve": {
      "active": false,
      "targetValue": 0
    },
    "waterCirculationPump": {
      "active": false,
      "targetValue": 0
    },
    "waterHeater": {
      "active": false,
      "targetValue": 0
    },
    "wortPump": {
      "active": false,
      "targetValue": 0
    }
  },
  "18 Cool down": {
    "aerator": {
      "active": false,
      "targetValue": 0
    },
    "boiler": {
      "active": false,
      "targetValue": 0
    },
    "boilerValve": {
      "active": false,
      "targetValue": 0
    },
    "boilerVolume": {
      "active": false,
      "targetValue": 0
    },
    "controllerInfo": {
      "active": false,
      "targetValue": 0
    },
    "cooler": {
      "active": false,
      "targetValue": 0
    },
    "delayTimer": {
      "active": true,
      "targetValue": 0.1
    },
    "dispenser1": {
      "active": false,
      "targetValue": 0
    },
    "dispenser2": {
      "active": false,
      "targetValue": 0
    },
    "dispenser3": {
      "active": false,
      "targetValue": 0
    },
    "dispenser4": {
      "active": false,
      "targetValue": 0
    },
    "envTemp": {
      "active": false,
      "targetValue": 0
    },
    "hotWaterPump": {
      "active": false,
      "targetValue": 0
    },
    "mashStirrer": {
      "active": false,
      "targetValue": 0
    },
    "mashTemp": {
      "active": false,
      "targetValue": 0
    },
    "plateValve": {
      "active": false,
      "targetValue": 0
    },
    "waterCirculationPump": {
      "active": false,
      "targetValue": 0
    },
    "waterHeater": {
      "active": false,
      "targetValue": 0
    },
    "wortPump": {
      "active": false,
      "targetValue": 0
    }
  },
  "19 cool": {
    "aerator": {
      "active": false,
      "targetValue": 0
    },
    "boiler": {
      "active": false,
      "targetValue": 0
    },
    "boilerValve": {
      "active": false,
      "targetValue": 0
    },
    "boilerVolume": {
      "active": false,
      "targetValue": 0
    },
    "controllerInfo": {
      "active": false,
      "targetValue": 0
    },
    "cooler": {
      "active": true,
      "targetValue": 72
    },
    "delayTimer": {
      "active": false,
      "targetValue": 0
    },
    "dispenser1": {
      "active": false,
      "targetValue": 0
    },
    "dispenser2": {
      "active": false,
      "targetValue": 0
    },
    "dispenser3": {
      "active": false,
      "targetValue": 0
    },
    "dispenser4": {
      "active": false,
      "targetValue": 0
    },
    "envTemp": {
      "active": false,
      "targetValue": 0
    },
    "hotWaterPump": {
      "active": false,
      "targetValue": 0
    },
    "mashStirrer": {
      "active": false,
      "targetValue": 0
    },
    "mashTemp": {
      "active": false,
      "targetValue": 0
    },
    "plateValve": {
      "active": false,
      "targetValue": 0
    },
    "waterCirculationPump": {
      "active": false,
      "targetValue": 0
    },
    "waterHeater": {
      "active": false,
      "targetValue": 0
    },
    "wortPump": {
      "active": false,
      "targetValue": 0
    }
  },
  "20 re-charge": {
    "aerator": {
      "active": false,
      "targetValue": 0
    },
    "boiler": {
      "active": false,
      "targetValue": 0
    },
    "boilerValve": {
      "active": false,
      "targetValue": 0
    },
    "boilerVolume": {
      "active": false,
      "targetValue": 0
    },
    "controllerInfo": {
      "active": false,
      "targetValue": 0
    },
    "cooler": {
      "active": false,
      "targetValue": 0
    },
    "delayTimer": {
      "active": true,
      "targetValue": 1
    },
    "dispenser1": {
      "active": false,
      "targetValue": 0
    },
    "dispenser2": {
      "active": false,
      "targetValue": 0
    },
    "dispenser3": {
      "active": false,
      "targetValue": 0
    },
    "dispenser4": {
      "active": false,
      "targetValue": 0
    },
    "envTemp": {
      "active": false,
      "targetValue": 0
    },
    "hotWaterPump": {
      "active": false,
      "targetValue": 0
    },
    "mashStirrer": {
      "active": false,
      "targetValue": 0
    },
    "mashTemp": {
      "active": false,
      "targetValue": 0
    },
    "plateValve": {
      "active": false,
      "targetValue": 0
    },
    "waterCirculationPump": {
      "active": false,
      "targetValue": 0
    },
    "waterHeater": {
      "active": false,
      "targetValue": 0
    },
    "wortPump": {
      "active": false,
      "targetValue": 0
    }
  },
  "21 Empty out": {
    "aerator": {
      "active": true,
      "targetValue": 1
    },
    "boiler": {
      "active": false,
      "targetValue": 0
    },
    "boilerValve": {
      "active": true,
      "targetValue": 1
    },
    "boilerVolume": {
      "active": false,
      "targetValue": 0
    },
    "controllerInfo": {
      "active": false,
      "targetValue": 0
    },
    "cooler": {
      "active": false,
      "targetValue": 0
    },
    "delayTimer": {
      "active": true,
      "targetValue": 15
    },
    "dispenser1": {
      "active": false,
      "targetValue": 0
    },
    "dispenser2": {
      "active": false,
      "targetValue": 0
    },
    "dispenser3": {
      "active": false,
      "targetValue": 0
    },
    "dispenser4": {
      "active": false,
      "targetValue": 0
    },
    "envTemp": {
      "active": false,
      "targetValue": 0
    },
    "hotWaterPump": {
      "active": false,
      "targetValue": 0
    },
    "mashStirrer": {
      "active": false,
      "targetValue": 0
    },
    "mashTemp": {
      "active": false,
      "targetValue": 0
    },
    "plateValve": {
      "active": false,
      "targetValue": 0
    },
    "waterCirculationPump": {
      "active": false,
      "targetValue": 0
    },
    "waterHeater": {
      "active": false,
      "targetValue": 0
    },
    "wortPump": {
      "active": false,
      "targetValue": 0
    }
  },
  "22 Done": {
    "aerator": {
      "active": false,
      "targetValue": 0
    },
    "boiler": {
      "active": false,
      "targetValue": 0
    },
    "boilerValve": {
      "active": false,
      "targetValue": 0
    },
    "boilerVolume": {
      "active": false,
      "targetValue": 0
    },
    "controllerInfo": {
      "active": false,
      "targetValue": 0
    },
    "cooler": {
      "active": false,
      "targetValue": 0
    },
    "delayTimer": {
      "active": true,
      "targetValue": 600
    },
    "dispenser1": {
      "active": false,
      "targetValue": 0
    },
    "dispenser2": {
      "active": false,
      "targetValue": 0
    },
    "dispenser3": {
      "active": false,
      "targetValue": 0
    },
    "dispenser4": {
      "active": false,
      "targetValue": 0
    },
    "envTemp": {
      "active": false,
      "targetValue": 0
    },
    "hotWaterPump": {
      "active": false,
      "targetValue": 0
    },
    "mashStirrer": {
      "active": false,
      "targetValue": 0
    },
    "mashTemp": {
      "active": false,
      "targetValue": 0
    },
    "plateValve": {
      "active": false,
      "targetValue": 0
    },
    "waterCirculationPump": {
      "active": false,
      "targetValue": 0
    },
    "waterHeater": {
      "active": false,
      "targetValue": 0
    },
    "wortPump": {
      "active": false,
      "targetValue": 0
    }
  },
  "9 Wort out 2": {
    "aerator": {
      "active": false,
      "targetValue": 0
    },
    "boiler": {
      "active": true,
      "targetValue": 1
    },
    "boilerValve": {
      "active": false,
      "targetValue": 0
    },
    "boilerVolume": {
      "active": false,
      "targetValue": 0
    },
    "controllerInfo": {
      "active": false,
      "targetValue": 0
    },
    "cooler": {
      "active": false,
      "targetValue": 0
    },
    "delayTimer": {
      "active": false,
      "targetValue": 0
    },
    "dispenser1": {
      "active": false,
      "targetValue": 0
    },
    "dispenser2": {
      "active": false,
      "targetValue": 0
    },
    "dispenser3": {
      "active": false,
      "targetValue": 0
    },
    "dispenser4": {
      "active": false,
      "targetValue": 0
    },
    "envTemp": {
      "active": false,
      "targetValue": 0
    },
    "hotWaterPump": {
      "active": false,
      "targetValue": 0
    },
    "mashStirrer": {
      "active": false,
      "targetValue": 0
    },
    "mashTemp": {
      "active": false,
      "targetValue": 0
    },
    "plateValve": {
      "active": false,
      "targetValue": 0
    },
    "waterCirculationPump": {
      "active": false,
      "targetValue": 0
    },
    "waterHeater": {
      "active": false,
      "targetValue": 0
    },
    "wortPump": {
      "active": true,
      "targetValue": 7.24
    }
  }
}