{
  "01 Heating": {
    "aerator": {
      "active": false,
      "targetValue": 0
    },
    "boiler": {
      "active": false,
      "targetValue": 0
    },
    "boilerValve": {
      "active": false,
      "targetValue": 0
    },
    "cooler": {
      "active": false,
      "targetValue": 0
    },
    "delayTimer": {
      "active": false,
      "targetValue": 0
    },
    "dispenser1": {
      "active": false,
      "targetValue": 0
    },
    "dispenser2": {
      "active": false,
      "targetValue": 0
    },
    "dispenser3": {
      "active": false,
      "targetValue": 0
    },
    "dispenser4": {
      "active": false,
      "targetValue": 0
    },
    "hotWaterPump": {
      "active": false,
      "targetValue": 0
    },
    "mashHeater": {
      "active": false,
      "targetValue": 0
    },
    "mashStirrer": {
      "active": false,
      "targetValue": 0
    },
    "plateValve": {
      "active": false,
      "targetValue": 0
    },
    "waterCirculationPump": {
      "active": true,
      "targetValue": 1
    },
    "waterHeater": {
      "active": true,
      "targetValue": 72.0
    },
    "wortPump": {
      "active": false,
      "targetValue": 0
    }
  },
  "02 StrikeWater": {
    "aerator": {
      "active": false,
      "targetValue": 0
    },
    "boiler": {
      "active": false,
      "targetValue": 0
    },
    "boilerValve": {
      "active": false,
      "targetValue": 0
    },
    "cooler": {
      "active": false,
      "targetValue": 0
    },
    "delayTimer": {
      "active": false,
      "targetValue": 0
    },
    "dispenser1": {
      "active": false,
      "targetValue": 0
    },
    "dispenser2": {
      "active": false,
      "targetValue": 0
    },
    "dispenser3": {
      "active": false,
      "targetValue": 0
    },
    "dispenser4": {
      "active": false,
      "targetValue": 0
    },
    "hotWaterPump": {
      "active": true,
      "targetValue": 0.2
    },
    "mashHeater": {
      "active": false,
      "targetValue": 0
    },
    "mashStirrer": {
      "active": false,
      "targetValue": 0
    },
    "plateValve": {
      "active": false,
      "targetValue": 0
    },
    "waterCirculationPump": {
      "active": false,
      "targetValue": 0
    },
    "waterHeater": {
      "active": true,
      "targetValue": 72.0
    },
    "wortPump": {
      "active": false,
      "targetValue": 0
    }
  },
  "03 Mashing": {
    "aerator": {
      "active": false,
      "targetValue": 0
    },
    "boiler": {
      "active": false,
      "targetValue": 0
    },
    "boilerValve": {
      "active": false,
      "targetValue": 0
    },
    "cooler": {
      "active": false,
      "targetValue": 0
    },
    "delayTimer": {
      "active": true,
      "targetValue": 2.0
    },
    "dispenser1": {
      "active": false,
      "targetValue": 0
    },
    "dispenser2": {
      "active": false,
      "targetValue": 0
    },
    "dispenser3": {
      "active": false,
      "targetValue": 0
    },
    "dispenser4": {
      "active": false,
      "targetValue": 0
    },
    "hotWaterPump": {
      "active": false,
      "targetValue": 0
    },
    "mashHeater": {
      "active": false,
      "targetValue": 0
    },
    "mashStirrer": {
      "active": true,
      "targetValue": 1
    },
    "plateValve": {
      "active": false,
      "targetValue": 0
    },
    "waterCirculationPump": {
      "active": true,
      "targetValue": 1
    },
    "waterHeater": {
      "active": true,
      "targetValue": 80.0
    },
    "wortPump": {
      "active": false,
      "targetValue": 0
    }
  },
  "04 Sparge in": {
    "aerator": {
      "active": false,
      "targetValue": 0
    },
    "boiler": {
      "active": true,
      "targetValue": 1
    },
    "boilerValve": {
      "active": false,
      "targetValue": 0
    },
    "cooler": {
      "active": false,
      "targetValue": 0
    },
    "delayTimer": {
      "active": false,
      "targetValue": 0
    },
    "dispenser1": {
      "active": false,
      "targetValue": 0
    },
    "dispenser2": {
      "active": false,
      "targetValue": 0
    },
    "dispenser3": {
      "active": false,
      "targetValue": 0
    },
    "dispenser4": {
      "active": false,
      "targetValue": 0
    },
    "hotWaterPump": {
      "active": true,
      "targetValue": 16.717934596385543
    },
    "mashHeater": {
      "active": false,
      "targetValue": 0
    },
    "mashStirrer": {
      "active": false,
      "targetValue": 0
    },
    "plateValve": {
      "active": false,
      "targetValue": 0
    },
    "waterCirculationPump": {
      "active": false,
      "targetValue": 0
    },
    "waterHeater": {
      "active": false,
      "targetValue": 0
    },
    "wortPump": {
      "active": false,
      "targetValue": 0
    }
  },
  "05 Wort out final": {
    "aerator": {
      "active": false,
      "targetValue": 0
    },
    "boiler": {
      "active": true,
      "targetValue": 1
    },
    "boilerValve": {
      "active": false,
      "targetValue": 0
    },
    "cooler": {
      "active": false,
      "targetValue": 0
    },
    "delayTimer": {
      "active": false,
      "targetValue": 0
    },
    "dispenser1": {
      "active": false,
      "targetValue": 0
    },
    "dispenser2": {
      "active": false,
      "targetValue": 0
    },
    "dispenser3": {
      "active": false,
      "targetValue": 0
    },
    "dispenser4": {
      "active": false,
      "targetValue": 0
    },
    "hotWaterPump": {
      "active": false,
      "targetValue": 0
    },
    "mashHeater": {
      "active": false,
      "targetValue": 0
    },
    "mashStirrer": {
      "active": false,
      "targetValue": 0
    },
    "plateValve": {
      "active": false,
      "targetValue": 0
    },
    "waterCirculationPump": {
      "active": false,
      "targetValue": 0
    },
    "waterHeater": {
      "active": false,
      "targetValue": 0
    },
    "wortPump": {
      "active": true,
      "targetValue": 7.76
    }
  },
  "07 pre-boil": {
    "aerator": {
      "active": false,
      "targetValue": 0
    },
    "boiler": {
      "active": true,
      "targetValue": 55
    },
    "boilerValve": {
      "active": false,
      "targetValue": 0
    },
    "cooler": {
      "active": false,
      "targetValue": 0
    },
    "delayTimer": {
      "active": false,
      "targetValue": 0
    },
    "dispenser1": {
      "active": false,
      "targetValue": 0
    },
    "dispenser2": {
      "active": false,
      "targetValue": 0
    },
    "dispenser3": {
      "active": false,
      "targetValue": 0
    },
    "dispenser4": {
      "active": false,
      "targetValue": 0
    },
    "hotWaterPump": {
      "active": false,
      "targetValue": 0
    },
    "mashHeater": {
      "active": false,
      "targetValue": 0
    },
    "mashStirrer": {
      "active": false,
      "targetValue": 0
    },
    "plateValve": {
      "active": false,
      "targetValue": 0
    },
    "waterCirculationPump": {
      "active": false,
      "targetValue": 0
    },
    "waterHeater": {
      "active": false,
      "targetValue": 0
    },
    "wortPump": {
      "active": false,
      "targetValue": 0
    }
  },
  "08 de-foam": {
    "aerator": {
      "active": false,
      "targetValue": 0
    },
    "boiler": {
      "active": false,
      "targetValue": 0
    },
    "boilerValve": {
      "active": false,
      "targetValue": 0
    },
    "cooler": {
      "active": false,
      "targetValue": 0
    },
    "delayTimer": {
      "active": true,
      "targetValue": 1
    },
    "dispenser1": {
      "active": false,
      "targetValue": 0
    },
    "dispenser2": {
      "active": false,
      "targetValue": 0
    },
    "dispenser3": {
      "active": false,
      "targetValue": 0
    },
    "dispenser4": {
      "active": false,
      "targetValue": 0
    },
    "hotWaterPump": {
      "active": false,
      "targetValue": 0
    },
    "mashHeater": {
      "active": false,
      "targetValue": 0
    },
    "mashStirrer": {
      "active": false,
      "targetValue": 0
    },
    "plateValve": {
      "active": false,
      "targetValue": 0
    },
    "waterCirculationPump": {
      "active": false,
      "targetValue": 0
    },
    "waterHeater": {
      "active": false,
      "targetValue": 0
    },
    "wortPump": {
      "active": false,
      "targetValue": 0
    }
  },
  "09 start boil": {
    "aerator": {
      "active": false,
      "targetValue": 0
    },
    "boiler": {
      "active": true,
      "targetValue": 60
    },
    "boilerValve": {
      "active": false,
      "targetValue": 0
    },
    "cooler": {
      "active": false,
      "targetValue": 0
    },
    "delayTimer": {
      "active": false,
      "targetValue": 0
    },
    "dispenser1": {
      "active": false,
      "targetValue": 0
    },
    "dispenser2": {
      "active": false,
      "targetValue": 0
    },
    "dispenser3": {
      "active": false,
      "targetValue": 0
    },
    "dispenser4": {
      "active": false,
      "targetValue": 0
    },
    "hotWaterPump": {
      "active": false,
      "targetValue": 0
    },
    "mashHeater": {
      "active": false,
      "targetValue": 0
    },
    "mashStirrer": {
      "active": false,
      "targetValue": 0
    },
    "plateValve": {
      "active": false,
      "targetValue": 0
    },
    "waterCirculationPump": {
      "active": false,
      "targetValue": 0
    },
    "waterHeater": {
      "active": false,
      "targetValue": 0
    },
    "wortPump": {
      "active": false,
      "targetValue": 0
    }
  },
  "10 Boil": {
    "aerator": {
      "active": false,
      "targetValue": 0
    },
    "boiler": {
      "active": true,
      "targetValue": 60
    },
    "boilerValve": {
      "active": false,
      "targetValue": 0
    },
    "cooler": {
      "active": false,
      "targetValue": 0
    },
    "delayTimer": {
      "active": true,
      "targetValue": 50.0
    },
    "dispenser1": {
      "active": false,
      "targetValue": 0
    },
    "dispenser2": {
      "active": false,
      "targetValue": 0
    },
    "dispenser3": {
      "active": false,
      "targetValue": 0
    },
    "dispenser4": {
      "active": false,
      "targetValue": 0
    },
    "hotWaterPump": {
      "active": false,
      "targetValue": 0
    },
    "mashHeater": {
      "active": false,
      "targetValue": 0
    },
    "mashStirrer": {
      "active": false,
      "targetValue": 0
    },
    "plateValve": {
      "active": false,
      "targetValue": 0
    },
    "waterCirculationPump": {
      "active": false,
      "targetValue": 0
    },
    "waterHeater": {
      "active": false,
      "targetValue": 0
    },
    "wortPump": {
      "active": false,
      "targetValue": 0
    }
  },
  "11 Boil": {
    "aerator": {
      "active": false,
      "targetValue": 0
    },
    "boiler": {
      "active": true,
      "targetValue": 60
    },
    "boilerValve": {
      "active": false,
      "targetValue": 0
    },
    "cooler": {
      "active": false,
      "targetValue": 0
    },
    "delayTimer": {
      "active": true,
      "targetValue": 3.0
    },
    "dispenser1": {
      "active": true,
      "targetValue": 0
    },
    "dispenser2": {
      "active": false,
      "targetValue": 0
    },
    "dispenser3": {
      "active": false,
      "targetValue": 0
    },
    "dispenser4": {
      "active": false,
      "targetValue": 0
    },
    "hotWaterPump": {
      "active": false,
      "targetValue": 0
    },
    "mashHeater": {
      "active": false,
      "targetValue": 0
    },
    "mashStirrer": {
      "active": false,
      "targetValue": 0
    },
    "plateValve": {
      "active": false,
      "targetValue": 0
    },
    "waterCirculationPump": {
      "active": false,
      "targetValue": 0
    },
    "waterHeater": {
      "active": false,
      "targetValue": 0
    },
    "wortPump": {
      "active": false,
      "targetValue": 0
    }
  },
  "12 Boil": {
    "aerator": {
      "active": false,
      "targetValue": 0
    },
    "boiler": {
      "active": true,
      "targetValue": 60
    },
    "boilerValve": {
      "active": false,
      "targetValue": 0
    },
    "cooler": {
      "active": false,
      "targetValue": 0
    },
    "delayTimer": {
      "active": true,
      "targetValue": 2.0
    },
    "dispenser1": {
      "active": false,
      "targetValue": 0
    },
    "dispenser2": {
      "active": true,
      "targetValue": 0
    },
    "dispenser3": {
      "active": false,
      "targetValue": 0
    },
    "dispenser4": {
      "active": false,
      "targetValue": 0
    },
    "hotWaterPump": {
      "active": false,
      "targetValue": 0
    },
    "mashHeater": {
      "active": false,
      "targetValue": 0
    },
    "mashStirrer": {
      "active": false,
      "targetValue": 0
    },
    "plateValve": {
      "active": false,
      "targetValue": 0
    },
    "waterCirculationPump": {
      "active": false,
      "targetValue": 0
    },
    "waterHeater": {
      "active": false,
      "targetValue": 0
    },
    "wortPump": {
      "active": false,
      "targetValue": 0
    }
  },
  "13 Boil": {
    "aerator": {
      "active": false,
      "targetValue": 0
    },
    "boiler": {
      "active": true,
      "targetValue": 60
    },
    "boilerValve": {
      "active": false,
      "targetValue": 0
    },
    "cooler": {
      "active": false,
      "targetValue": 0
    },
    "delayTimer": {
      "active": true,
      "targetValue": 5.0
    },
    "dispenser1": {
      "active": false,
      "targetValue": 0
    },
    "dispenser2": {
      "active": false,
      "targetValue": 0
    },
    "dispenser3": {
      "active": true,
      "targetValue": 0
    },
    "dispenser4": {
      "active": false,
      "targetValue": 0
    },
    "hotWaterPump": {
      "active": false,
      "targetValue": 0
    },
    "mashHeater": {
      "active": false,
      "targetValue": 0
    },
    "mashStirrer": {
      "active": false,
      "targetValue": 0
    },
    "plateValve": {
      "active": false,
      "targetValue": 0
    },
    "waterCirculationPump": {
      "active": false,
      "targetValue": 0
    },
    "waterHeater": {
      "active": false,
      "targetValue": 0
    },
    "wortPump": {
      "active": false,
      "targetValue": 0
    }
  },
  "14 Boil": {
    "aerator": {
      "active": false,
      "targetValue": 0
    },
    "boiler": {
      "active": true,
      "targetValue": 60
    },
    "boilerValve": {
      "active": false,
      "targetValue": 0
    },
    "cooler": {
      "active": false,
      "targetValue": 0
    },
    "delayTimer": {
      "active": true,
      "targetValue": 0.0
    },
    "dispenser1": {
      "active": false,
      "targetValue": 0
    },
    "dispenser2": {
      "active": false,
      "targetValue": 0
    },
    "dispenser3": {
      "active": false,
      "targetValue": 0
    },
    "dispenser4": {
      "active": true,
      "targetValue": 0
    },
    "hotWaterPump": {
      "active": false,
      "targetValue": 0
    },
    "mashHeater": {
      "active": false,
      "targetValue": 0
    },
    "mashStirrer": {
      "active": false,
      "targetValue": 0
    },
    "plateValve": {
      "active": false,
      "targetValue": 0
    },
    "waterCirculationPump": {
      "active": false,
      "targetValue": 0
    },
    "waterHeater": {
      "active": false,
      "targetValue": 0
    },
    "wortPump": {
      "active": false,
      "targetValue": 0
    }
  },
  "15 Cool down": {
    "aerator": {
      "active": false,
      "targetValue": 0
    },
    "boiler": {
      "active": false,
      "targetValue": 0
    },
    "boilerValve": {
      "active": false,
      "targetValue": 0
    },
    "cooler": {
      "active": false,
      "targetValue": 0
    },
    "delayTimer": {
      "active": true,
      "targetValue": 0.1
    },
    "dispenser1": {
      "active": false,
      "targetValue": 0
    },
    "dispenser2": {
      "active": false,
      "targetValue": 0
    },
    "dispenser3": {
      "active": false,
      "targetValue": 0
    },
    "dispenser4": {
      "active": false,
      "targetValue": 0
    },
    "hotWaterPump": {
      "active": false,
      "targetValue": 0
    },
    "mashHeater": {
      "active": false,
      "targetValue": 0
    },
    "mashStirrer": {
      "active": false,
      "targetValue": 0
    },
    "plateValve": {
      "active": false,
      "targetValue": 0
    },
    "waterCirculationPump": {
      "active": false,
      "targetValue": 0
    },
    "waterHeater": {
      "active": false,
      "targetValue": 0
    },
    "wortPump": {
      "active": false,
      "targetValue": 0
    }
  },
  "15 Empty out": {
    "aerator": {
      "active": true,
      "targetValue": 1
    },
    "boiler": {
      "active": false,
      "targetValue": 0
    },
    "boilerValve": {
      "active": true,
      "targetValue": 1
    },
    "cooler": {
      "active": false,
      "targetValue": 0
    },
    "delayTimer": {
      "active": true,
      "targetValue": 7
    },
    "dispenser1": {
      "active": false,
      "targetValue": 0
    },
    "dispenser2": {
      "active": false,
      "targetValue": 0
    },
    "dispenser3": {
      "active": false,
      "targetValue": 0
    },
    "dispenser4": {
      "active": false,
      "targetValue": 0
    },
    "hotWaterPump": {
      "active": false,
      "targetValue": 0
    },
    "mashHeater": {
      "active": false,
      "targetValue": 0
    },
    "mashStirrer": {
      "active": false,
      "targetValue": 0
    },
    "plateValve": {
      "active": true,
      "targetValue": 1
    },
    "waterCirculationPump": {
      "active": false,
      "targetValue": 0
    },
    "waterHeater": {
      "active": false,
      "targetValue": 0
    },
    "wortPump": {
      "active": false,
      "targetValue": 0
    }
  },
  "16 Done": {
    "aerator": {
      "active": false,
      "targetValue": 0
    },
    "boiler": {
      "active": false,
      "targetValue": 0
    },
    "boilerValve": {
      "active": false,
      "targetValue": 0
    },
    "cooler": {
      "active": false,
      "targetValue": 0
    },
    "delayTimer": {
      "active": true,
      "targetValue": 600
    },
    "dispenser1": {
      "active": false,
      "targetValue": 0
    },
    "dispenser2": {
      "active": false,
      "targetValue": 0
    },
    "dispenser3": {
      "active": false,
      "targetValue": 0
    },
    "dispenser4": {
      "active": false,
      "targetValue": 0
    },
    "hotWaterPump": {
      "active": false,
      "targetValue": 0
    },
    "mashHeater": {
      "active": false,
      "targetValue": 0
    },
    "mashStirrer": {
      "active": false,
      "targetValue": 0
    },
    "plateValve": {
      "active": false,
      "targetValue": 0
    },
    "waterCirculationPump": {
      "active": false,
      "targetValue": 0
    },
    "waterHeater": {
      "active": false,
      "targetValue": 0
    },
    "wortPump": {
      "active": false,
      "targetValue": 0
    }
  }
}