{
  "1": {
    "aerator": {
      "active": false,
      "targetValue": 0
    },
    "boiler": {
      "active": false,
      "targetValue": 0
    },
    "boilerValve": {
      "active": false,
      "targetValue": 0
    },
    "cooler": {
      "active": false,
      "targetValue": 0
    },
    "delayTimer": {
      "active": false,
      "targetValue": 0
    },
    "dispenser1": {
      "active": false,
      "targetValue": 0
    },
    "dispenser2": {
      "active": false,
      "targetValue": 0
    },
    "dispenser3": {
      "active": false,
      "targetValue": 0
    },
    "dispenser4": {
      "active": false,
      "targetValue": 0
    },
    "hotWaterPump": {
      "active": false,
      "targetValue": 0
    },
    "mashStirrer": {
      "active": false,
      "targetValue": 0
    },
    "waterCirculationPump": {
      "active": true,
      "targetValue": 1
    },
    "waterHeater": {
      "active": true,
      "targetValue": 8
    },
    "wortPump": {
      "active": false,
      "targetValue": 0
    }
  },
  "2": {
    "aerator": {
      "active": false,
      "targetValue": 0
    },
    "boiler": {
      "active": false,
      "targetValue": 0
    },
    "boilerValve": {
      "active": false,
      "targetValue": 0
    },
    "cooler": {
      "active": false,
      "targetValue": 0
    },
    "delayTimer": {
      "active": false,
      "targetValue": 0
    },
    "dispenser1": {
      "active": false,
      "targetValue": 0
    },
    "dispenser2": {
      "active": false,
      "targetValue": 0
    },
    "dispenser3": {
      "active": false,
      "targetValue": 0
    },
    "dispenser4": {
      "active": false,
      "targetValue": 0
    },
    "hotWaterPump": {
      "active": true,
      "targetValue": 0.1
    },
    "mashStirrer": {
      "active": false,
      "targetValue": 0
    },
    "waterCirculationPump": {
      "active": false,
      "targetValue": 0
    },
    "waterHeater": {
      "active": false,
      "targetValue": 0
    },
    "wortPump": {
      "active": false,
      "targetValue": 0
    }
  },
  "3": {
    "aerator": {
      "active": false,
      "targetValue": 0
    },
    "boiler": {
      "active": false,
      "targetValue": 0
    },
    "boilerValve": {
      "active": false,
      "targetValue": 0
    },
    "cooler": {
      "active": false,
      "targetValue": 0
    },
    "delayTimer": {
      "active": true,
      "targetValue": 8
    },
    "dispenser1": {
      "active": false,
      "targetValue": 0
    },
    "dispenser2": {
      "active": false,
      "targetValue": 0
    },
    "dispenser3": {
      "active": false,
      "targetValue": 0
    },
    "dispenser4": {
      "active": false,
      "targetValue": 0
    },
    "hotWaterPump": {
      "active": false,
      "targetValue": 0
    },
    "mashStirrer": {
      "active": false,
      "targetValue": 0
    },
    "waterCirculationPump": {
      "active": false,
      "targetValue": 0
    },
    "waterHeater": {
      "active": false,
      "targetValue": 0
    },
    "wortPump": {
      "active": false,
      "targetValue": 0
    }
  },
  "4": {
    "aerator": {
      "active": false,
      "targetValue": 0
    },
    "boiler": {
      "active": false,
      "targetValue": 0
    },
    "boilerValve": {
      "active": false,
      "targetValue": 0
    },
    "cooler": {
      "active": false,
      "targetValue": 0
    },
    "delayTimer": {
      "active": true,
      "targetValue": 3
    },
    "dispenser1": {
      "active": false,
      "targetValue": 0
    },
    "dispenser2": {
      "active": false,
      "targetValue": 0
    },
    "dispenser3": {
      "active": false,
      "targetValue": 0
    },
    "dispenser4": {
      "active": false,
      "targetValue": 0
    },
    "hotWaterPump": {
      "active": false,
      "targetValue": 0
    },
    "mashStirrer": {
      "active": false,
      "targetValue": 0
    },
    "waterCirculationPump": {
      "active": false,
      "targetValue": 0
    },
    "waterHeater": {
      "active": false,
      "targetValue": 0
    },
    "wortPump": {
      "active": true,
      "targetValue": 0.1
    }
  },
  "5": {
    "aerator": {
      "active": false,
      "targetValue": 0
    },
    "boiler": {
      "active": false,
      "targetValue": 0
    },
    "boilerValve": {
      "active": false,
      "targetValue": 0
    },
    "cooler": {
      "active": false,
      "targetValue": 0
    },
    "delayTimer": {
      "active": true,
      "targetValue": 6
    },
    "dispenser1": {
      "active": false,
      "targetValue": 0
    },
    "dispenser2": {
      "active": false,
      "targetValue": 0
    },
    "dispenser3": {
      "active": false,
      "targetValue": 0
    },
    "dispenser4": {
      "active": false,
      "targetValue": 0
    },
    "hotWaterPump": {
      "active": true,
      "targetValue": 0.1
    },
    "mashStirrer": {
      "active": false,
      "targetValue": 0
    },
    "waterCirculationPump": {
      "active": false,
      "targetValue": 0
    },
    "waterHeater": {
      "active": false,
      "targetValue": 0
    },
    "wortPump": {
      "active": false,
      "targetValue": 0
    }
  }
}