{
  "01AllOff": {
    "aerator": {
      "active": false,
      "targetValue": 0
    },
    "boiler": {
      "active": false,
      "targetValue": 0
    },
    "boilerValve": {
      "active": false,
      "targetValue": 0
    },
    "boilerVolume": {
      "active": false,
      "targetValue": 0
    },
    "controllerInfo": {
      "active": false,
      "targetValue": 0
    },
    "cooler": {
      "active": false,
      "targetValue": 0
    },
    "delayTimer": {
      "active": true,
      "targetValue": 0.1
    },
    "dispenser1": {
      "active": false,
      "targetValue": 0
    },
    "dispenser2": {
      "active": false,
      "targetValue": 0
    },
    "dispenser3": {
      "active": false,
      "targetValue": 0
    },
    "dispenser4": {
      "active": false,
      "targetValue": 0
    },
    "envTemp": {
      "active": false,
      "targetValue": 0
    },
    "hotWaterPump": {
      "active": false,
      "targetValue": 0
    },
    "mashStirrer": {
      "active": false,
      "targetValue": 0
    },
    "plateValve": {
      "active": false,
      "targetValue": 0
    },
    "waterCirculationPump": {
      "active": false,
      "targetValue": 0
    },
    "waterHeater": {
      "active": true,
      "targetValue": 30
    },
    "wortPump": {
      "active": false,
      "targetValue": 0
    }
  },
  "02BoilerOn": {
    "aerator": {
      "active": false,
      "targetValue": 0
    },
    "boiler": {
      "active": true,
      "targetValue": 1
    },
    "boilerValve": {
      "active": false,
      "targetValue": 0
    },
    "boilerVolume": {
      "active": false,
      "targetValue": 0
    },
    "controllerInfo": {
      "active": false,
      "targetValue": 0
    },
    "cooler": {
      "active": false,
      "targetValue": 0
    },
    "delayTimer": {
      "active": true,
      "targetValue": 0.1
    },
    "dispenser1": {
      "active": false,
      "targetValue": 0
    },
    "dispenser2": {
      "active": false,
      "targetValue": 0
    },
    "dispenser3": {
      "active": false,
      "targetValue": 0
    },
    "dispenser4": {
      "active": false,
      "targetValue": 0
    },
    "envTemp": {
      "active": false,
      "targetValue": 0
    },
    "hotWaterPump": {
      "active": false,
      "targetValue": 0
    },
    "mashStirrer": {
      "active": false,
      "targetValue": 0
    },
    "plateValve": {
      "active": false,
      "targetValue": 0
    },
    "waterCirculationPump": {
      "active": false,
      "targetValue": 0
    },
    "waterHeater": {
      "active": false,
      "targetValue": 0
    },
    "wortPump": {
      "active": false,
      "targetValue": 0
    }
  },
  "03AeratorOn": {
    "aerator": {
      "active": true,
      "targetValue": 1
    },
    "boiler": {
      "active": false,
      "targetValue": 0
    },
    "boilerValve": {
      "active": false,
      "targetValue": 0
    },
    "boilerVolume": {
      "active": false,
      "targetValue": 0
    },
    "controllerInfo": {
      "active": false,
      "targetValue": 0
    },
    "cooler": {
      "active": false,
      "targetValue": 0
    },
    "delayTimer": {
      "active": true,
      "targetValue": 0.1
    },
    "dispenser1": {
      "active": false,
      "targetValue": 0
    },
    "dispenser2": {
      "active": false,
      "targetValue": 0
    },
    "dispenser3": {
      "active": false,
      "targetValue": 0
    },
    "dispenser4": {
      "active": false,
      "targetValue": 0
    },
    "envTemp": {
      "active": false,
      "targetValue": 0
    },
    "hotWaterPump": {
      "active": false,
      "targetValue": 0
    },
    "mashStirrer": {
      "active": false,
      "targetValue": 0
    },
    "plateValve": {
      "active": false,
      "targetValue": 0
    },
    "waterCirculationPump": {
      "active": false,
      "targetValue": 0
    },
    "waterHeater": {
      "active": false,
      "targetValue": 0
    },
    "wortPump": {
      "active": false,
      "targetValue": 0
    }
  },
  "04HotWaterTunOnKeep4ever": {
    "aerator": {
      "active": false,
      "targetValue": 0
    },
    "boiler": {
      "active": false,
      "targetValue": 0
    },
    "boilerValve": {
      "active": false,
      "targetValue": 0
    },
    "boilerVolume": {
      "active": false,
      "targetValue": 0
    },
    "controllerInfo": {
      "active": false,
      "targetValue": 0
    },
    "cooler": {
      "active": false,
      "targetValue": 0
    },
    "delayTimer": {
      "active": true,
      "targetValue": 0.1
    },
    "dispenser1": {
      "active": false,
      "targetValue": 0
    },
    "dispenser2": {
      "active": false,
      "targetValue": 0
    },
    "dispenser3": {
      "active": false,
      "targetValue": 0
    },
    "dispenser4": {
      "active": false,
      "targetValue": 0
    },
    "envTemp": {
      "active": false,
      "targetValue": 0
    },
    "hotWaterPump": {
      "active": false,
      "targetValue": 0
    },
    "mashStirrer": {
      "active": false,
      "targetValue": 0
    },
    "plateValve": {
      "active": false,
      "targetValue": 0
    },
    "waterCirculationPump": {
      "active": false,
      "targetValue": 0
    },
    "waterHeater": {
      "active": true,
      "targetValue": 30
    },
    "wortPump": {
      "active": false,
      "targetValue": 0
    }
  },
  "09": {
    "aerator": {
      "active": false,
      "targetValue": 0
    },
    "boiler": {
      "active": false,
      "targetValue": 0
    },
    "boilerValve": {
      "active": false,
      "targetValue": 0
    },
    "boilerVolume": {
      "active": false,
      "targetValue": 0
    },
    "controllerInfo": {
      "active": false,
      "targetValue": 0
    },
    "cooler": {
      "active": false,
      "targetValue": 0
    },
    "delayTimer": {
      "active": true,
      "targetValue": 0.1
    },
    "dispenser1": {
      "active": false,
      "targetValue": 0
    },
    "dispenser2": {
      "active": false,
      "targetValue": 0
    },
    "dispenser3": {
      "active": false,
      "targetValue": 0
    },
    "dispenser4": {
      "active": false,
      "targetValue": 0
    },
    "envTemp": {
      "active": false,
      "targetValue": 0
    },
    "hotWaterPump": {
      "active": false,
      "targetValue": 0
    },
    "mashStirrer": {
      "active": false,
      "targetValue": 0
    },
    "plateValve": {
      "active": false,
      "targetValue": 0
    },
    "waterCirculationPump": {
      "active": false,
      "targetValue": 0
    },
    "waterHeater": {
      "active": false,
      "targetValue": 0
    },
    "wortPump": {
      "active": false,
      "targetValue": 0
    }
  }
}